Component: ARM Compiler 5.06 update 7 (build 960) Tool: armlink [4d3601]

==============================================================================

Section Cross References

    startup_stm32f303xc.o(RESET) refers to startup_stm32f303xc.o(STACK) for __initial_sp
    startup_stm32f303xc.o(RESET) refers to startup_stm32f303xc.o(.text) for Reset_Handler
    startup_stm32f303xc.o(RESET) refers to stm32f3xx_it.o(i.NMI_Handler) for NMI_Handler
    startup_stm32f303xc.o(RESET) refers to stm32f3xx_it.o(i.HardFault_Handler) for HardFault_Handler
    startup_stm32f303xc.o(RESET) refers to stm32f3xx_it.o(i.MemManage_Handler) for MemManage_Handler
    startup_stm32f303xc.o(RESET) refers to stm32f3xx_it.o(i.BusFault_Handler) for BusFault_Handler
    startup_stm32f303xc.o(RESET) refers to stm32f3xx_it.o(i.UsageFault_Handler) for UsageFault_Handler
    startup_stm32f303xc.o(RESET) refers to stm32f3xx_it.o(i.SVC_Handler) for SVC_Handler
    startup_stm32f303xc.o(RESET) refers to stm32f3xx_it.o(i.DebugMon_Handler) for DebugMon_Handler
    startup_stm32f303xc.o(RESET) refers to stm32f3xx_it.o(i.PendSV_Handler) for PendSV_Handler
    startup_stm32f303xc.o(RESET) refers to stm32f3xx_it.o(i.SysTick_Handler) for SysTick_Handler
    startup_stm32f303xc.o(RESET) refers to stm32f3xx_it.o(i.TIM4_IRQHandler) for TIM4_IRQHandler
    startup_stm32f303xc.o(.text) refers to system_stm32f3xx.o(i.SystemInit) for SystemInit
    startup_stm32f303xc.o(.text) refers to entry.o(.ARM.Collect$$$$00000000) for __main
    usbpd_sm.o(i.USBPD_StateDiscovery_Action) refers to measure.o(i.GetInstantVBUSVoltage) for GetInstantVBUSVoltage
    usbpd_sm.o(i.USBPD_StateDiscovery_Action) refers to usbpd_phy_decode.o(i.USBPD_EnableDecoder) for USBPD_EnableDecoder
    usbpd_sm.o(i.USBPD_StateGetSrcCap_Aciton) refers to timer.o(i.IsTimer1Expired) for IsTimer1Expired
    usbpd_sm.o(i.USBPD_StateGetSrcCap_Aciton) refers to usbpd_msgtrans.o(i.USBPD_Send_ControlMessage) for USBPD_Send_ControlMessage
    usbpd_sm.o(i.USBPD_StateGetSrcCap_Aciton) refers to timer.o(i.RestartTimer1) for RestartTimer1
    usbpd_sm.o(i.USBPD_StateGetSrcCap_Aciton) refers to usbpd_phy_decode.o(i.USBPD_PHY_DecodeMessage) for USBPD_PHY_DecodeMessage
    usbpd_sm.o(i.USBPD_StateGetSrcCap_Aciton) refers to usbpd_msgrcv.o(i.USBPD_GetMessage) for USBPD_GetMessage
    usbpd_sm.o(i.USBPD_StateGetSrcCap_Aciton) refers to usbpd_msgrcv.o(i.USBPD_GetReceivedMsgType) for USBPD_GetReceivedMsgType
    usbpd_sm.o(i.USBPD_StateGetSrcCap_Aciton) refers to usbpd_phy_decode.o(i.USBPD_EnableDecoder) for USBPD_EnableDecoder
    usbpd_sm.o(i.USBPD_StateGetSrcCap_Aciton) refers to usbpd_sm.o(.data) for timeoutCnt
    usbpd_sm.o(i.USBPD_StateGetSrcCap_Aciton) refers to main.o(.data) for gNewMsgFlag
    usbpd_sm.o(i.USBPD_StateGetSrcCap_Aciton) refers to main.o(.bss) for gPhyRcvMsg
    usbpd_sm.o(i.USBPD_StateGetSrcCap_Entry) refers to usbpd_msgtrans.o(i.USBPD_Send_ControlMessage) for USBPD_Send_ControlMessage
    usbpd_sm.o(i.USBPD_StateGetSrcCap_Entry) refers to timer.o(i.StartTimer1) for StartTimer1
    usbpd_sm.o(i.USBPD_StateGetSrcCap_Exit) refers to timer.o(i.StopAllTimers) for StopAllTimers
    usbpd_sm.o(i.USBPD_StateGiveSinkCap_Aciton) refers to timer.o(i.IsTimer1Expired) for IsTimer1Expired
    usbpd_sm.o(i.USBPD_StateGiveSinkCap_Aciton) refers to usbpd_msgtrans.o(i.USBPD_Send_SinkCap) for USBPD_Send_SinkCap
    usbpd_sm.o(i.USBPD_StateGiveSinkCap_Aciton) refers to timer.o(i.RestartTimer1) for RestartTimer1
    usbpd_sm.o(i.USBPD_StateGiveSinkCap_Aciton) refers to usbpd_phy_decode.o(i.USBPD_PHY_DecodeMessage) for USBPD_PHY_DecodeMessage
    usbpd_sm.o(i.USBPD_StateGiveSinkCap_Aciton) refers to usbpd_msgrcv.o(i.USBPD_GetMessage) for USBPD_GetMessage
    usbpd_sm.o(i.USBPD_StateGiveSinkCap_Aciton) refers to usbpd_msgrcv.o(i.USBPD_GetReceivedMsgType) for USBPD_GetReceivedMsgType
    usbpd_sm.o(i.USBPD_StateGiveSinkCap_Aciton) refers to usbpd_phy_decode.o(i.USBPD_EnableDecoder) for USBPD_EnableDecoder
    usbpd_sm.o(i.USBPD_StateGiveSinkCap_Aciton) refers to usbpd_sm.o(.data) for timeoutCnt
    usbpd_sm.o(i.USBPD_StateGiveSinkCap_Aciton) refers to main.o(.data) for gNewMsgFlag
    usbpd_sm.o(i.USBPD_StateGiveSinkCap_Aciton) refers to main.o(.bss) for gPhyRcvMsg
    usbpd_sm.o(i.USBPD_StateGiveSinkCap_Entry) refers to usbpd_msgtrans.o(i.USBPD_Send_SinkCap) for USBPD_Send_SinkCap
    usbpd_sm.o(i.USBPD_StateGiveSinkCap_Entry) refers to timer.o(i.StartTimer1) for StartTimer1
    usbpd_sm.o(i.USBPD_StateGiveSinkCap_Entry) refers to usbpd_sm.o(.data) for sinkpdoValue
    usbpd_sm.o(i.USBPD_StateGiveSinkCap_Exit) refers to timer.o(i.StopAllTimers) for StopAllTimers
    usbpd_sm.o(i.USBPD_StateHardReset_Aciton) refers to timer.o(i.IsTimer1Expired) for IsTimer1Expired
    usbpd_sm.o(i.USBPD_StateHardReset_Aciton) refers to timer.o(i.RestartTimer1) for RestartTimer1
    usbpd_sm.o(i.USBPD_StateHardReset_Aciton) refers to usbpd_phy_decode.o(i.USBPD_PHY_DecodeMessage) for USBPD_PHY_DecodeMessage
[...]
    ..\Drivers\STM32F3xx_HAL_Driver\Src\stm32f3xx_ll_tim.c 0x00000000   Number         0  stm32f3xx_ll_tim.o ABSOLUTE
    ..\Drivers\STM32F3xx_HAL_Driver\Src\stm32f3xx_ll_utils.c 0x00000000   Number         0  stm32f3xx_ll_utils.o ABSOLUTE
    ..\\Core\\Src\\measure.c                 0x00000000   Number         0  measure.o ABSOLUTE
    ..\\Core\\Src\\usbpd_dpm_user.c          0x00000000   Number         0  usbpd_dpm_user.o ABSOLUTE
    ..\\Core\\Src\\usbpd_msgrcv.c            0x00000000   Number         0  usbpd_msgrcv.o ABSOLUTE
    ..\\Core\\Src\\usbpd_msgtrans.c          0x00000000   Number         0  usbpd_msgtrans.o ABSOLUTE
    ..\\Core\\Src\\usbpd_phy_crc32.c         0x00000000   Number         0  usbpd_phy_crc32.o ABSOLUTE
    ..\\Core\\Src\\usbpd_phy_decode.c        0x00000000   Number         0  usbpd_phy_decode.o ABSOLUTE
    ..\\Core\\Src\\usbpd_phy_encode.c        0x00000000   Number         0  usbpd_phy_encode.o ABSOLUTE
    ..\\Core\\Src\\usbpd_prl.c               0x00000000   Number         0  usbpd_prl.o ABSOLUTE
    ..\\Core\\Src\\usbpd_sm.c                0x00000000   Number         0  usbpd_sm.o ABSOLUTE
    ..\\Core\\Src\\usbqc.c                   0x00000000   Number         0  usbqc.o ABSOLUTE
    dc.s                                     0x00000000   Number         0  dc.o ABSOLUTE
    handlers.s                               0x00000000   Number         0  handlers.o ABSOLUTE
    init.s                                   0x00000000   Number         0  init.o ABSOLUTE
    startup_stm32f303xc.s                    0x00000000   Number         0  startup_stm32f303xc.o ABSOLUTE
    RESET                                    0x08000000   Section      392  startup_stm32f303xc.o(RESET)
    .ARM.Collect$$$$00000000                 0x08000188   Section        0  entry.o(.ARM.Collect$$$$00000000)
    .ARM.Collect$$$$00000001                 0x08000188   Section        4  entry2.o(.ARM.Collect$$$$00000001)
    .ARM.Collect$$$$00000004                 0x0800018c   Section        4  entry5.o(.ARM.Collect$$$$00000004)
    .ARM.Collect$$$$00000008                 0x08000190   Section        0  entry7b.o(.ARM.Collect$$$$00000008)
    .ARM.Collect$$$$0000000A                 0x08000190   Section        0  entry8b.o(.ARM.Collect$$$$0000000A)
    .ARM.Collect$$$$0000000B                 0x08000190   Section        8  entry9a.o(.ARM.Collect$$$$0000000B)
    .ARM.Collect$$$$0000000E                 0x08000198   Section        4  entry12b.o(.ARM.Collect$$$$0000000E)
    .ARM.Collect$$$$0000000F                 0x0800019c   Section        0  entry10a.o(.ARM.Collect$$$$0000000F)
    .ARM.Collect$$$$00000011                 0x0800019c   Section        0  entry11a.o(.ARM.Collect$$$$00000011)
    .ARM.Collect$$$$00002712                 0x0800019c   Section        4  entry2.o(.ARM.Collect$$$$00002712)
    __lit__00000000                          0x0800019c   Data           4  entry2.o(.ARM.Collect$$$$00002712)
    .text                                    0x080001a0   Section       36  startup_stm32f303xc.o(.text)
    $v0                                      0x080001a0   Number         0  startup_stm32f303xc.o(.text)
    .text                                    0x080001c4   Section        0  memcpya.o(.text)
    .text                                    0x080001e8   Section        0  memseta.o(.text)
    .text                                    0x0800020c   Section       36  init.o(.text)
    .text                                    0x08000230   Section        0  __dczerorl2.o(.text)
    i.BusFault_Handler                       0x08000286   Section        0  stm32f3xx_it.o(i.BusFault_Handler)
    i.CRC_Handle_8                           0x0800028c   Section        0  usbpd_phy_crc32.o(i.CRC_Handle_8)
    CRC_Handle_8                             0x0800028d   Thumb Code   154  usbpd_phy_crc32.o(i.CRC_Handle_8)
    i.DPM_FindVoltageIndex                   0x0800032c   Section        0  usbpd_dpm_user.o(i.DPM_FindVoltageIndex)
    i.DPM_SNK_BuildRDOfromSelectedFixedPDO   0x080003c8   Section        0  usbpd_dpm_user.o(i.DPM_SNK_BuildRDOfromSelectedFixedPDO)
    i.DebugMon_Handler                       0x080004cc   Section        0  stm32f3xx_it.o(i.DebugMon_Handler)
    i.Error_Handler                          0x080004ce   Section        0  main.o(i.Error_Handler)
    i.GetAverageValue                        0x080004d4   Section        0  measure.o(i.GetAverageValue)
    i.GetEvent                               0x08000500   Section        0  main.o(i.GetEvent)
    GetEvent                                 0x08000501   Thumb Code    28  main.o(i.GetEvent)
    i.GetInstantCC1Voltage                   0x08000520   Section        0  measure.o(i.GetInstantCC1Voltage)
    i.GetInstantCC2Voltage                   0x08000530   Section        0  measure.o(i.GetInstantCC2Voltage)
    i.GetInstantDNVoltage                    0x08000540   Section        0  measure.o(i.GetInstantDNVoltage)
    i.GetInstantDPVoltage                    0x08000550   Section        0  measure.o(i.GetInstantDPVoltage)
    i.GetInstantVBUSCurrent                  0x08000560   Section        0  measure.o(i.GetInstantVBUSCurrent)
    i.GetInstantVBUSVoltage                  0x08000570   Section        0  measure.o(i.GetInstantVBUSVoltage)
    i.GetInstantValue                        0x08000576   Section        0  measure.o(i.GetInstantValue)
    i.HAL_Delay                              0x080005c4   Section        0  stm32f3xx_hal.o(i.HAL_Delay)
    i.HAL_GPIO_Init                          0x080005ec   Section        0  stm32f3xx_hal_gpio.o(i.HAL_GPIO_Init)
    i.HAL_GetTick                            0x080007f8   Section        0  stm32f3xx_hal.o(i.HAL_GetTick)
    i.HAL_IncTick                            0x08000804   Section        0  stm32f3xx_hal.o(i.HAL_IncTick)
    i.HAL_Init                               0x08000814   Section        0  stm32f3xx_hal.o(i.HAL_Init)
    i.HAL_InitTick                           0x08000838   Section        0  stm32f3xx_hal.o(i.HAL_InitTick)
    i.HAL_MspInit                            0x0800087c   Section        0  stm32f3xx_hal_msp.o(i.HAL_MspInit)
    i.HAL_NVIC_EnableIRQ                     0x080008c0   Section        0  stm32f3xx_hal_cortex.o(i.HAL_NVIC_EnableIRQ)
    i.HAL_NVIC_SetPriority                   0x080008dc   Section        0  stm32f3xx_hal_cortex.o(i.HAL_NVIC_SetPriority)
    i.HAL_NVIC_SetPriorityGrouping           0x08000944   Section        0  stm32f3xx_hal_cortex.o(i.HAL_NVIC_SetPriorityGrouping)
    i.HAL_SYSTICK_Config                     0x08000968   Section        0  stm32f3xx_hal_cortex.o(i.HAL_SYSTICK_Config)
    i.HAL_TIMEx_MasterConfigSynchronization  0x08000990   Section        0  stm32f3xx_hal_tim_ex.o(i.HAL_TIMEx_MasterConfigSynchronization)
    i.HAL_TIM_Base_Init                      0x08000a24   Section        0  stm32f3xx_hal_tim.o(i.HAL_TIM_Base_Init)
    i.HAL_TIM_Base_MspInit                   0x08000a88   Section        0  stm32f3xx_hal_msp.o(i.HAL_TIM_Base_MspInit)
    i.HAL_TIM_ConfigClockSource              0x08000b10   Section        0  stm32f3xx_hal_tim.o(i.HAL_TIM_ConfigClockSource)
    i.HAL_TIM_IC_ConfigChannel               0x08000bfe   Section        0  stm32f3xx_hal_tim.o(i.HAL_TIM_IC_ConfigChannel)
    i.HAL_TIM_IC_Init                        0x08000cbe   Section        0  stm32f3xx_hal_tim.o(i.HAL_TIM_IC_Init)
    i.HAL_TIM_IC_MspInit                     0x08000d22   Section        0  stm32f3xx_hal_tim.o(i.HAL_TIM_IC_MspInit)
    i.HardFault_Handler                      0x08000d24   Section        0  stm32f3xx_it.o(i.HardFault_Handler)
    i.HwAdcSample                            0x08000d28   Section        0  measure.o(i.HwAdcSample)
    i.IncMsCount                             0x08000e60   Section        0  main.o(i.IncMsCount)
    i.IsTimer1Expired                        0x08000e70   Section        0  timer.o(i.IsTimer1Expired)
    i.IsTimer2Expired                        0x08000ea0   Section        0  timer.o(i.IsTimer2Expired)
    i.LL_ADC_CommonInit                      0x08000ed0   Section        0  stm32f3xx_ll_adc.o(i.LL_ADC_CommonInit)
    i.LL_ADC_Disable                         0x08000f4c   Section        0  measure.o(i.LL_ADC_Disable)
    LL_ADC_Disable                           0x08000f4d   Thumb Code    12  measure.o(i.LL_ADC_Disable)
    i.LL_ADC_Enable                          0x08000f5c   Section        0  measure.o(i.LL_ADC_Enable)
    LL_ADC_Enable                            0x08000f5d   Thumb Code    12  measure.o(i.LL_ADC_Enable)
    i.LL_ADC_EnableInternalRegulator         0x08000f6c   Section        0  main.o(i.LL_ADC_EnableInternalRegulator)
    LL_ADC_EnableInternalRegulator           0x08000f6d   Thumb Code    22  main.o(i.LL_ADC_EnableInternalRegulator)
    i.LL_ADC_Init                            0x08000f88   Section        0  stm32f3xx_ll_adc.o(i.LL_ADC_Init)
    i.LL_ADC_IsActiveFlag_ADRDY              0x08000fbc   Section        0  measure.o(i.LL_ADC_IsActiveFlag_ADRDY)
    LL_ADC_IsActiveFlag_ADRDY                0x08000fbd   Thumb Code    10  measure.o(i.LL_ADC_IsActiveFlag_ADRDY)
    i.LL_ADC_IsActiveFlag_EOC                0x08000fc6   Section        0  measure.o(i.LL_ADC_IsActiveFlag_EOC)
    LL_ADC_IsActiveFlag_EOC                  0x08000fc7   Thumb Code    10  measure.o(i.LL_ADC_IsActiveFlag_EOC)
    i.LL_ADC_REG_Init                        0x08000fd0   Section        0  stm32f3xx_ll_adc.o(i.LL_ADC_REG_Init)
    i.LL_ADC_REG_IsConversionOngoing         0x08001040   Section        0  measure.o(i.LL_ADC_REG_IsConversionOngoing)
    LL_ADC_REG_IsConversionOngoing           0x08001041   Thumb Code    10  measure.o(i.LL_ADC_REG_IsConversionOngoing)
    i.LL_ADC_REG_SetSequencerRanks           0x0800104a   Section        0  measure.o(i.LL_ADC_REG_SetSequencerRanks)
    LL_ADC_REG_SetSequencerRanks             0x0800104b   Thumb Code    56  measure.o(i.LL_ADC_REG_SetSequencerRanks)
    i.LL_ADC_REG_SetSequencerRanks           0x08001082   Section        0  main.o(i.LL_ADC_REG_SetSequencerRanks)
    LL_ADC_REG_SetSequencerRanks             0x08001083   Thumb Code    56  main.o(i.LL_ADC_REG_SetSequencerRanks)
    i.LL_ADC_REG_StartConversion             0x080010bc   Section        0  measure.o(i.LL_ADC_REG_StartConversion)
    LL_ADC_REG_StartConversion               0x080010bd   Thumb Code    12  measure.o(i.LL_ADC_REG_StartConversion)
    i.LL_ADC_REG_StopConversion              0x080010cc   Section        0  measure.o(i.LL_ADC_REG_StopConversion)
    LL_ADC_REG_StopConversion                0x080010cd   Thumb Code    14  measure.o(i.LL_ADC_REG_StopConversion)
    i.LL_ADC_SetChannelSamplingTime          0x080010e0   Section        0  main.o(i.LL_ADC_SetChannelSamplingTime)
    LL_ADC_SetChannelSamplingTime            0x080010e1   Thumb Code    82  main.o(i.LL_ADC_SetChannelSamplingTime)
    i.LL_ADC_SetChannelSingleDiff            0x08001134   Section        0  main.o(i.LL_ADC_SetChannelSingleDiff)
    LL_ADC_SetChannelSingleDiff              0x08001135   Thumb Code    34  main.o(i.LL_ADC_SetChannelSingleDiff)
    i.LL_AHB1_GRP1_EnableClock               0x0800115c   Section        0  main.o(i.LL_AHB1_GRP1_EnableClock)
    LL_AHB1_GRP1_EnableClock                 0x0800115d   Thumb Code    24  main.o(i.LL_AHB1_GRP1_EnableClock)
    i.LL_APB1_GRP1_EnableClock               0x08001178   Section        0  main.o(i.LL_APB1_GRP1_EnableClock)
    LL_APB1_GRP1_EnableClock                 0x08001179   Thumb Code    24  main.o(i.LL_APB1_GRP1_EnableClock)
    i.LL_COMP_Init                           0x08001194   Section        0  stm32f3xx_ll_comp.o(i.LL_COMP_Init)
    i.LL_DAC_DisableTrigger                  0x080011e8   Section        0  main.o(i.LL_DAC_DisableTrigger)
    LL_DAC_DisableTrigger                    0x080011e9   Thumb Code    18  main.o(i.LL_DAC_DisableTrigger)
    i.LL_DAC_Init                            0x080011fa   Section        0  stm32f3xx_ll_dac.o(i.LL_DAC_Init)
    i.LL_EXTI_Init                           0x08001278   Section        0  stm32f3xx_ll_exti.o(i.LL_EXTI_Init)
    i.LL_GPIO_Init                           0x08001420   Section        0  stm32f3xx_ll_gpio.o(i.LL_GPIO_Init)
    i.LL_GPIO_ResetOutputPin                 0x08001598   Section        0  usbqc.o(i.LL_GPIO_ResetOutputPin)
    LL_GPIO_ResetOutputPin                   0x08001599   Thumb Code     4  usbqc.o(i.LL_GPIO_ResetOutputPin)
    i.LL_GPIO_ResetOutputPin                 0x0800159c   Section        0  main.o(i.LL_GPIO_ResetOutputPin)
    LL_GPIO_ResetOutputPin                   0x0800159d   Thumb Code     4  main.o(i.LL_GPIO_ResetOutputPin)
    i.LL_GPIO_SetOutputPin                   0x080015a0   Section        0  usbqc.o(i.LL_GPIO_SetOutputPin)
    LL_GPIO_SetOutputPin                     0x080015a1   Thumb Code     4  usbqc.o(i.LL_GPIO_SetOutputPin)
    i.LL_GPIO_SetOutputPin                   0x080015a4   Section        0  main.o(i.LL_GPIO_SetOutputPin)
    LL_GPIO_SetOutputPin                     0x080015a5   Thumb Code     4  main.o(i.LL_GPIO_SetOutputPin)
    i.LL_GPIO_SetPinMode                     0x080015a8   Section        0  usbqc.o(i.LL_GPIO_SetPinMode)
    LL_GPIO_SetPinMode                       0x080015a9   Thumb Code    40  usbqc.o(i.LL_GPIO_SetPinMode)
    i.LL_GPIO_SetPinMode                     0x080015d0   Section        0  main.o(i.LL_GPIO_SetPinMode)
    LL_GPIO_SetPinMode                       0x080015d1   Thumb Code    40  main.o(i.LL_GPIO_SetPinMode)
    i.LL_GPIO_SetPinPull                     0x080015f8   Section        0  main.o(i.LL_GPIO_SetPinPull)
    LL_GPIO_SetPinPull                       0x080015f9   Thumb Code    40  main.o(i.LL_GPIO_SetPinPull)
    i.LL_GPIO_TogglePin                      0x08001620   Section        0  usbpd_phy_encode.o(i.LL_GPIO_TogglePin)
    LL_GPIO_TogglePin                        0x08001621   Thumb Code    20  usbpd_phy_encode.o(i.LL_GPIO_TogglePin)
    i.LL_RCC_SetADCClockSource               0x08001634   Section        0  main.o(i.LL_RCC_SetADCClockSource)
    LL_RCC_SetADCClockSource                 0x08001635   Thumb Code    18  main.o(i.LL_RCC_SetADCClockSource)
    i.LL_SYSCFG_SetEXTISource                0x0800164c   Section        0  main.o(i.LL_SYSCFG_SetEXTISource)
    LL_SYSCFG_SetEXTISource                  0x0800164d   Thumb Code    40  main.o(i.LL_SYSCFG_SetEXTISource)
    i.LL_SetSystemCoreClock                  0x08001678   Section        0  stm32f3xx_ll_utils.o(i.LL_SetSystemCoreClock)
    i.LL_TIM_IC_CaptureCallback              0x08001684   Section        0  usbpd_phy_decode.o(i.LL_TIM_IC_CaptureCallback)
    i.LL_TIM_IC_SetActiveInput               0x08001790   Section        0  main.o(i.LL_TIM_IC_SetActiveInput)
    LL_TIM_IC_SetActiveInput                 0x08001791   Thumb Code   118  main.o(i.LL_TIM_IC_SetActiveInput)
    i.LL_TIM_IC_SetFilter                    0x08001810   Section        0  main.o(i.LL_TIM_IC_SetFilter)
    LL_TIM_IC_SetFilter                      0x08001811   Thumb Code   118  main.o(i.LL_TIM_IC_SetFilter)
    i.LL_TIM_IC_SetPolarity                  0x08001890   Section        0  main.o(i.LL_TIM_IC_SetPolarity)
    LL_TIM_IC_SetPolarity                    0x08001891   Thumb Code   104  main.o(i.LL_TIM_IC_SetPolarity)
    i.LL_TIM_IC_SetPrescaler                 0x080018fc   Section        0  main.o(i.LL_TIM_IC_SetPrescaler)
    LL_TIM_IC_SetPrescaler                   0x080018fd   Thumb Code   118  main.o(i.LL_TIM_IC_SetPrescaler)
    i.LL_TIM_Init                            0x0800197c   Section        0  stm32f3xx_ll_tim.o(i.LL_TIM_Init)
    i.MX_ADC2_Init                           0x08001a30   Section        0  main.o(i.MX_ADC2_Init)
    MX_ADC2_Init                             0x08001a31   Thumb Code   228  main.o(i.MX_ADC2_Init)
    i.MX_ADC3_Init                           0x08001b2c   Section        0  main.o(i.MX_ADC3_Init)
    MX_ADC3_Init                             0x08001b2d   Thumb Code   234  main.o(i.MX_ADC3_Init)
    i.MX_COMP1_Init                          0x08001c34   Section        0  main.o(i.MX_COMP1_Init)
    MX_COMP1_Init                            0x08001c35   Thumb Code   120  main.o(i.MX_COMP1_Init)
    i.MX_COMP2_Init                          0x08001cb0   Section        0  main.o(i.MX_COMP2_Init)
    MX_COMP2_Init                            0x08001cb1   Thumb Code   134  main.o(i.MX_COMP2_Init)
    i.MX_CRC_Init                            0x08001d3c   Section        0  main.o(i.MX_CRC_Init)
    MX_CRC_Init                              0x08001d3d   Thumb Code    74  main.o(i.MX_CRC_Init)
    i.MX_DAC_Init                            0x08001d90   Section        0  main.o(i.MX_DAC_Init)
    MX_DAC_Init                              0x08001d91   Thumb Code   110  main.o(i.MX_DAC_Init)
    i.MX_GPIO_Init                           0x08001e0c   Section        0  main.o(i.MX_GPIO_Init)
    MX_GPIO_Init                             0x08001e0d   Thumb Code   462  main.o(i.MX_GPIO_Init)
    i.MX_TIM3_Init                           0x08001ffc   Section        0  main.o(i.MX_TIM3_Init)
    MX_TIM3_Init                             0x08001ffd   Thumb Code   362  main.o(i.MX_TIM3_Init)
    i.MX_TIM4_Init                           0x0800217c   Section        0  main.o(i.MX_TIM4_Init)
    MX_TIM4_Init                             0x0800217d   Thumb Code   170  main.o(i.MX_TIM4_Init)
    i.MemManage_Handler                      0x08002230   Section        0  stm32f3xx_it.o(i.MemManage_Handler)
    i.NMI_Handler                            0x08002234   Section        0  stm32f3xx_it.o(i.NMI_Handler)
    i.PendSV_Handler                         0x08002238   Section        0  stm32f3xx_it.o(i.PendSV_Handler)
    i.QuickChargeDetection                   0x0800223c   Section        0  usbqc.o(i.QuickChargeDetection)
    i.ReleaseUsbData                         0x08002378   Section        0  usbqc.o(i.ReleaseUsbData)
    ReleaseUsbData                           0x08002379   Thumb Code    44  usbqc.o(i.ReleaseUsbData)
    i.ResetQuickChargeFlag                   0x080023a8   Section        0  usbqc.o(i.ResetQuickChargeFlag)
    i.RestartTimer1                          0x080023c4   Section        0  timer.o(i.RestartTimer1)
    i.SVC_Handler                            0x080023d4   Section        0  stm32f3xx_it.o(i.SVC_Handler)
    i.StartTimer1                            0x080023d8   Section        0  timer.o(i.StartTimer1)
    i.StartTimer2                            0x080023fc   Section        0  timer.o(i.StartTimer2)
    i.StopAllTimers                          0x08002420   Section        0  timer.o(i.StopAllTimers)
    i.StopTimer1                             0x08002434   Section        0  timer.o(i.StopTimer1)
    i.SysTick_Handler                        0x08002440   Section        0  stm32f3xx_it.o(i.SysTick_Handler)
    i.SystemClock_Config                     0x0800244c   Section        0  main.o(i.SystemClock_Config)
    i.SystemInit                             0x08002560   Section        0  system_stm32f3xx.o(i.SystemInit)
    i.TIM4_IRQHandler                        0x08002574   Section        0  stm32f3xx_it.o(i.TIM4_IRQHandler)
    i.TIM_Base_SetConfig                     0x0800258c   Section        0  stm32f3xx_hal_tim.o(i.TIM_Base_SetConfig)
    i.TIM_ETR_SetConfig                      0x0800263c   Section        0  stm32f3xx_hal_tim.o(i.TIM_ETR_SetConfig)
    i.TIM_ITRx_SetConfig                     0x08002652   Section        0  stm32f3xx_hal_tim.o(i.TIM_ITRx_SetConfig)
    TIM_ITRx_SetConfig                       0x08002653   Thumb Code    16  stm32f3xx_hal_tim.o(i.TIM_ITRx_SetConfig)
    i.TIM_TI1_ConfigInputStage               0x08002662   Section        0  stm32f3xx_hal_tim.o(i.TIM_TI1_ConfigInputStage)
    TIM_TI1_ConfigInputStage                 0x08002663   Thumb Code    38  stm32f3xx_hal_tim.o(i.TIM_TI1_ConfigInputStage)
    i.TIM_TI1_SetConfig                      0x08002688   Section        0  stm32f3xx_hal_tim.o(i.TIM_TI1_SetConfig)
    i.TIM_TI2_ConfigInputStage               0x08002702   Section        0  stm32f3xx_hal_tim.o(i.TIM_TI2_ConfigInputStage)
    TIM_TI2_ConfigInputStage                 0x08002703   Thumb Code    36  stm32f3xx_hal_tim.o(i.TIM_TI2_ConfigInputStage)
    i.TIM_TI2_SetConfig                      0x08002726   Section        0  stm32f3xx_hal_tim.o(i.TIM_TI2_SetConfig)
    TIM_TI2_SetConfig                        0x08002727   Thumb Code    64  stm32f3xx_hal_tim.o(i.TIM_TI2_SetConfig)
    i.TIM_TI3_SetConfig                      0x08002766   Section        0  stm32f3xx_hal_tim.o(i.TIM_TI3_SetConfig)
    TIM_TI3_SetConfig                        0x08002767   Thumb Code    60  stm32f3xx_hal_tim.o(i.TIM_TI3_SetConfig)
    i.TIM_TI4_SetConfig                      0x080027a2   Section        0  stm32f3xx_hal_tim.o(i.TIM_TI4_SetConfig)
    TIM_TI4_SetConfig                        0x080027a3   Thumb Code    64  stm32f3xx_hal_tim.o(i.TIM_TI4_SetConfig)
    i.USBPD_DPM_SNK_EvaluateMatchWithSRCFixedPDO 0x080027e4   Section        0  usbpd_dpm_user.o(i.USBPD_DPM_SNK_EvaluateMatchWithSRCFixedPDO)
    i.USBPD_DisableDecoder                   0x08002870   Section        0  usbpd_phy_decode.o(i.USBPD_DisableDecoder)
    i.USBPD_EnableDecoder                    0x08002890   Section        0  usbpd_phy_decode.o(i.USBPD_EnableDecoder)
    i.USBPD_GetMessage                       0x080028b0   Section        0  usbpd_msgrcv.o(i.USBPD_GetMessage)
    i.USBPD_GetReceivedMsgType               0x0800291c   Section        0  usbpd_msgrcv.o(i.USBPD_GetReceivedMsgType)
    i.USBPD_IncreaseTransMsgID               0x0800297c   Section        0  usbpd_prl.o(i.USBPD_IncreaseTransMsgID)
    i.USBPD_PHY_4B5BEncode                   0x0800299c   Section        0  usbpd_phy_4b5b.o(i.USBPD_PHY_4B5BEncode)
    i.USBPD_PHY_5B4BDecode                   0x08002a00   Section        0  usbpd_phy_4b5b.o(i.USBPD_PHY_5B4BDecode)
    i.USBPD_PHY_BitRecognize                 0x08002a70   Section        0  usbpd_phy_decode.o(i.USBPD_PHY_BitRecognize)
    USBPD_PHY_BitRecognize                   0x08002a71   Thumb Code   114  usbpd_phy_decode.o(i.USBPD_PHY_BitRecognize)
    i.USBPD_PHY_CRC32Check                   0x08002ae8   Section        0  usbpd_phy_crc32.o(i.USBPD_PHY_CRC32Check)
    i.USBPD_PHY_CRC32Generate                0x08002b0c   Section        0  usbpd_phy_crc32.o(i.USBPD_PHY_CRC32Generate)
    i.USBPD_PHY_Cov5BCodeTo5BValue           0x08002b30   Section        0  usbpd_phy_4b5b.o(i.USBPD_PHY_Cov5BCodeTo5BValue)
    i.USBPD_PHY_Cov5BValueTo5BCode           0x08002b50   Section        0  usbpd_phy_4b5b.o(i.USBPD_PHY_Cov5BValueTo5BCode)
    i.USBPD_PHY_DecodeMessage                0x08002b70   Section        0  usbpd_phy_decode.o(i.USBPD_PHY_DecodeMessage)
    i.USBPD_PHY_DecodeMsgByte                0x08002cc4   Section        0  usbpd_phy_decode.o(i.USBPD_PHY_DecodeMsgByte)
    USBPD_PHY_DecodeMsgByte                  0x08002cc5   Thumb Code    98  usbpd_phy_decode.o(i.USBPD_PHY_DecodeMsgByte)
    i.USBPD_PHY_EOPDetect                    0x08002d26   Section        0  usbpd_phy_decode.o(i.USBPD_PHY_EOPDetect)
    USBPD_PHY_EOPDetect                      0x08002d27   Thumb Code    24  usbpd_phy_decode.o(i.USBPD_PHY_EOPDetect)
    i.USBPD_PHY_EncodeMessage                0x08002d40   Section        0  usbpd_phy_encode.o(i.USBPD_PHY_EncodeMessage)
    i.USBPD_PHY_GapClassify                  0x08002eb4   Section        0  usbpd_phy_decode.o(i.USBPD_PHY_GapClassify)
    USBPD_PHY_GapClassify                    0x08002eb5   Thumb Code    62  usbpd_phy_decode.o(i.USBPD_PHY_GapClassify)
    i.USBPD_PHY_PreambleDetect               0x08002ef4   Section        0  usbpd_phy_decode.o(i.USBPD_PHY_PreambleDetect)
    USBPD_PHY_PreambleDetect                 0x08002ef5   Thumb Code    84  usbpd_phy_decode.o(i.USBPD_PHY_PreambleDetect)
    i.USBPD_PHY_Reset                        0x08002f4c   Section        0  usbpd_phy_decode.o(i.USBPD_PHY_Reset)
    USBPD_PHY_Reset                          0x08002f4d   Thumb Code    20  usbpd_phy_decode.o(i.USBPD_PHY_Reset)
    i.USBPD_PHY_SOPDetect                    0x08002f70   Section        0  usbpd_phy_decode.o(i.USBPD_PHY_SOPDetect)
    USBPD_PHY_SOPDetect                      0x08002f71   Thumb Code   134  usbpd_phy_decode.o(i.USBPD_PHY_SOPDetect)
    i.USBPD_PHY_SendBit                      0x08002ffc   Section        0  usbpd_phy_encode.o(i.USBPD_PHY_SendBit)
    i.USBPD_PHY_SetMessage                   0x08003060   Section        0  usbpd_phy_encode.o(i.USBPD_PHY_SetMessage)
    i.USBPD_ProtocolLayerReset               0x0800312c   Section        0  usbpd_prl.o(i.USBPD_ProtocolLayerReset)
    i.USBPD_Send_ControlMessage              0x0800315c   Section        0  usbpd_msgtrans.o(i.USBPD_Send_ControlMessage)
    i.USBPD_Send_HardReset                   0x080031b4   Section        0  usbpd_msgtrans.o(i.USBPD_Send_HardReset)
    i.USBPD_Send_Request                     0x080031ec   Section        0  usbpd_msgtrans.o(i.USBPD_Send_Request)
    i.USBPD_Send_SinkCap                     0x08003238   Section        0  usbpd_msgtrans.o(i.USBPD_Send_SinkCap)
    i.USBPD_SetMessage_Control               0x08003288   Section        0  usbpd_msgtrans.o(i.USBPD_SetMessage_Control)
    i.USBPD_SetMessage_Data                  0x080032aa   Section        0  usbpd_msgtrans.o(i.USBPD_SetMessage_Data)
    i.USBPD_SetMessage_HardReset             0x080032f0   Section        0  usbpd_msgtrans.o(i.USBPD_SetMessage_HardReset)
    i.USBPD_StateDiscovery_Action            0x080032f6   Section        0  usbpd_sm.o(i.USBPD_StateDiscovery_Action)
    i.USBPD_StateDiscovery_Entry             0x08003314   Section        0  usbpd_sm.o(i.USBPD_StateDiscovery_Entry)
    i.USBPD_StateDiscovery_Exit              0x08003316   Section        0  usbpd_sm.o(i.USBPD_StateDiscovery_Exit)
    i.USBPD_StateGetSrcCap_Aciton            0x08003318   Section        0  usbpd_sm.o(i.USBPD_StateGetSrcCap_Aciton)
    i.USBPD_StateGetSrcCap_Entry             0x080033d0   Section        0  usbpd_sm.o(i.USBPD_StateGetSrcCap_Entry)
    i.USBPD_StateGetSrcCap_Exit              0x080033e4   Section        0  usbpd_sm.o(i.USBPD_StateGetSrcCap_Exit)
    i.USBPD_StateGiveSinkCap_Aciton          0x080033ec   Section        0  usbpd_sm.o(i.USBPD_StateGiveSinkCap_Aciton)
    i.USBPD_StateGiveSinkCap_Entry           0x080034a8   Section        0  usbpd_sm.o(i.USBPD_StateGiveSinkCap_Entry)
    i.USBPD_StateGiveSinkCap_Exit            0x080034c4   Section        0  usbpd_sm.o(i.USBPD_StateGiveSinkCap_Exit)
    i.USBPD_StateHardReset_Aciton            0x080034cc   Section        0  usbpd_sm.o(i.USBPD_StateHardReset_Aciton)
    i.USBPD_StateHardReset_Entry             0x08003580   Section        0  usbpd_sm.o(i.USBPD_StateHardReset_Entry)
    i.USBPD_StateHardReset_Exit              0x080035b4   Section        0  usbpd_sm.o(i.USBPD_StateHardReset_Exit)
    i.USBPD_StateNotSupported_Aciton         0x080035bc   Section        0  usbpd_sm.o(i.USBPD_StateNotSupported_Aciton)
    i.USBPD_StateNotSupported_Entry          0x08003670   Section        0  usbpd_sm.o(i.USBPD_StateNotSupported_Entry)
    i.USBPD_StateNotSupported_Exit           0x08003684   Section        0  usbpd_sm.o(i.USBPD_StateNotSupported_Exit)
    i.USBPD_StateReady_Aciton                0x08003688   Section        0  usbpd_sm.o(i.USBPD_StateReady_Aciton)
    i.USBPD_StateReady_Entry                 0x08003744   Section        0  usbpd_sm.o(i.USBPD_StateReady_Entry)
    i.USBPD_StateReady_Exit                  0x0800375c   Section        0  usbpd_sm.o(i.USBPD_StateReady_Exit)
    i.USBPD_StateSelectCap_Aciton            0x08003764   Section        0  usbpd_sm.o(i.USBPD_StateSelectCap_Aciton)
    i.USBPD_StateSelectCap_Entry             0x080038bc   Section        0  usbpd_sm.o(i.USBPD_StateSelectCap_Entry)
    i.USBPD_StateSelectCap_Exit              0x080038f8   Section        0  usbpd_sm.o(i.USBPD_StateSelectCap_Exit)
    i.USBPD_StateSoftReset_Aciton            0x08003900   Section        0  usbpd_sm.o(i.USBPD_StateSoftReset_Aciton)
    i.USBPD_StateSoftReset_Entry             0x080039b4   Section        0  usbpd_sm.o(i.USBPD_StateSoftReset_Entry)
    i.USBPD_StateSoftReset_Exit              0x080039e0   Section        0  usbpd_sm.o(i.USBPD_StateSoftReset_Exit)
    i.USBPD_StateStartup_Aciton              0x080039e8   Section        0  usbpd_sm.o(i.USBPD_StateStartup_Aciton)
    i.USBPD_StateStartup_Entry               0x08003a04   Section        0  usbpd_sm.o(i.USBPD_StateStartup_Entry)
    i.USBPD_StateStartup_Exit                0x08003a10   Section        0  usbpd_sm.o(i.USBPD_StateStartup_Exit)
    i.USBPD_StateTransDefault_Aciton         0x08003a18   Section        0  usbpd_sm.o(i.USBPD_StateTransDefault_Aciton)
    i.USBPD_StateTransDefault_Entry          0x08003a22   Section        0  usbpd_sm.o(i.USBPD_StateTransDefault_Entry)
    i.USBPD_StateTransDefault_Exit           0x08003a24   Section        0  usbpd_sm.o(i.USBPD_StateTransDefault_Exit)
    i.USBPD_StateTransSink_Aciton            0x08003a28   Section        0  usbpd_sm.o(i.USBPD_StateTransSink_Aciton)
    i.USBPD_StateTransSink_Entry             0x08003ab4   Section        0  usbpd_sm.o(i.USBPD_StateTransSink_Entry)
    i.USBPD_StateTransSink_Exit              0x08003ac4   Section        0  usbpd_sm.o(i.USBPD_StateTransSink_Exit)
    i.USBPD_StateWaitCap_Aciton              0x08003acc   Section        0  usbpd_sm.o(i.USBPD_StateWaitCap_Aciton)
    i.USBPD_StateWaitCap_Entry               0x08003b58   Section        0  usbpd_sm.o(i.USBPD_StateWaitCap_Entry)
    i.USBPD_StateWaitCap_Exit                0x08003b68   Section        0  usbpd_sm.o(i.USBPD_StateWaitCap_Exit)
    i.UsageFault_Handler                     0x08003b70   Section        0  stm32f3xx_it.o(i.UsageFault_Handler)
    i.__scatterload_copy                     0x08003b74   Section       14  handlers.o(i.__scatterload_copy)
    i.__scatterload_null                     0x08003b82   Section        2  handlers.o(i.__scatterload_null)
    i.__scatterload_zeroinit                 0x08003b84   Section       14  handlers.o(i.__scatterload_zeroinit)
    i.main                                   0x08003b94   Section        0  main.o(i.main)
    .constdata                               0x08003cb0   Section       52  main.o(.constdata)
    CHANNEL_OFFSET_TAB                       0x08003cb0   Data           7  main.o(.constdata)
    OFFSET_TAB_CCMRx                         0x08003cb7   Data           9  main.o(.constdata)
    SHIFT_TAB_OCxx                           0x08003cc0   Data           9  main.o(.constdata)
    SHIFT_TAB_ICxx                           0x08003cc9   Data           9  main.o(.constdata)
    SHIFT_TAB_CCxP                           0x08003cd2   Data           9  main.o(.constdata)
    SHIFT_TAB_OISx                           0x08003cdb   Data           9  main.o(.constdata)
    .data                                    0x20000000   Section       16  usbpd_sm.o(.data)
    msgType                                  0x20000000   Data           4  usbpd_sm.o(.data)
    timeoutCnt                               0x20000004   Data           4  usbpd_sm.o(.data)
    sinkpdoValue                             0x20000008   Data           8  usbpd_sm.o(.data)
    .data                                    0x20000010   Section       21  usbpd_phy_decode.o(.data)
    capCnt                                   0x20000010   Data           4  usbpd_phy_decode.o(.data)
    gapCnt                                   0x20000014   Data           4  usbpd_phy_decode.o(.data)
    longCnt                                  0x20000018   Data           1  usbpd_phy_decode.o(.data)
    recgBitNum                               0x2000001c   Data           4  usbpd_phy_decode.o(.data)
    premblBitNum                             0x20000020   Data           4  usbpd_phy_decode.o(.data)
    SOPType                                  0x20000024   Data           1  usbpd_phy_decode.o(.data)
    .data                                    0x20000028   Section       24  usbpd_dpm_user.o(.data)
    .data                                    0x20000040   Section        4  usbqc.o(.data)
    USBNegativeDValue                        0x20000040   Data           2  usbqc.o(.data)
    USBBC1V2DetectFlag                       0x20000042   Data           1  usbqc.o(.data)
    ForceDetectFlag                          0x20000043   Data           1  usbqc.o(.data)
    .data                                    0x20000044   Section       21  timer.o(.data)
    msGenTimeoutPeriod1                      0x20000044   Data           4  timer.o(.data)
    msGenStartPoint1                         0x20000048   Data           4  timer.o(.data)
    bStartTimer1                             0x2000004c   Data           1  timer.o(.data)
    msGenTimeoutPeriod2                      0x20000050   Data           4  timer.o(.data)
    msGenStartPoint2                         0x20000054   Data           4  timer.o(.data)
    bStartTimer2                             0x20000058   Data           1  timer.o(.data)
    .data                                    0x2000005a   Section        4  measure.o(.data)
    Uadc                                     0x2000005a   Data           2  measure.o(.data)
    adc_Value_Single                         0x2000005c   Data           2  measure.o(.data)
    .data                                    0x20000060   Section      448  main.o(.data)
    msCount                                  0x2000021c   Data           4  main.o(.data)
    .data                                    0x20000220   Section        4  system_stm32f3xx.o(.data)
    .data                                    0x20000224   Section       12  stm32f3xx_hal.o(.data)
    .bss                                     0x20000230   Section     3034  usbpd_phy_decode.o(.bss)
    gap                                      0x20000230   Data        3000  usbpd_phy_decode.o(.bss)
    msgByte                                  0x20000de8   Data          34  usbpd_phy_decode.o(.bss)
    .bss                                     0x20000e0c   Section      816  main.o(.bss)
    STACK                                    0x20001140   Section     1024  startup_stm32f303xc.o(STACK)

    Global Symbols

    Symbol Name                              Value     Ov Type        Size  Object(Section)

    BuildAttributes$$THM_ISAv4$E$P$D$K$B$S$7EM$VFPi3$EXTD16$VFPS$VFMA$PE$A:L22UL41UL21$X:L11$S22US41US21$IEEE1$IW$USESV6$~STKCKD$USESV7$~SHL$OTIME$EBA8$MICROLIB$REQ8$PRES8$EABIv2 0x00000000   Number         0  anon$$obj.o ABSOLUTE
    __ARM_use_no_argv                        0x00000000   Number         0  main.o ABSOLUTE
    __arm_fini_                               - Undefined Weak Reference
    __cpp_initialize__aeabi_                  - Undefined Weak Reference
    __cxa_finalize                            - Undefined Weak Reference
    _clock_init                               - Undefined Weak Reference
    _microlib_exit                            - Undefined Weak Reference
    __Vectors_Size                           0x00000188   Number         0  startup_stm32f303xc.o ABSOLUTE
    __Vectors                                0x08000000   Data           4  startup_stm32f303xc.o(RESET)
    __Vectors_End                            0x08000188   Data           0  startup_stm32f303xc.o(RESET)
    __main                                   0x08000189   Thumb Code     0  entry.o(.ARM.Collect$$$$00000000)
    _main_stk                                0x08000189   Thumb Code     0  entry2.o(.ARM.Collect$$$$00000001)
    _main_scatterload                        0x0800018d   Thumb Code     0  entry5.o(.ARM.Collect$$$$00000004)
    __main_after_scatterload                 0x08000191   Thumb Code     0  entry5.o(.ARM.Collect$$$$00000004)
    _main_clock                              0x08000191   Thumb Code     0  entry7b.o(.ARM.Collect$$$$00000008)
    _main_cpp_init                           0x08000191   Thumb Code     0  entry8b.o(.ARM.Collect$$$$0000000A)
    _main_init                               0x08000191   Thumb Code     0  entry9a.o(.ARM.Collect$$$$0000000B)
    __rt_lib_shutdown_fini                   0x08000199   Thumb Code     0  entry12b.o(.ARM.Collect$$$$0000000E)
    __rt_final_cpp                           0x0800019d   Thumb Code     0  entry10a.o(.ARM.Collect$$$$0000000F)
    __rt_final_exit                          0x0800019d   Thumb Code     0  entry11a.o(.ARM.Collect$$$$00000011)
    Reset_Handler                            0x080001a1   Thumb Code     8  startup_stm32f303xc.o(.text)
    ADC1_2_IRQHandler                        0x080001bb   Thumb Code     0  startup_stm32f303xc.o(.text)
    ADC3_IRQHandler                          0x080001bb   Thumb Code     0  startup_stm32f303xc.o(.text)
    ADC4_IRQHandler                          0x080001bb   Thumb Code     0  startup_stm32f303xc.o(.text)
    CAN_RX1_IRQHandler                       0x080001bb   Thumb Code     0  startup_stm32f303xc.o(.text)
    CAN_SCE_IRQHandler                       0x080001bb   Thumb Code     0  startup_stm32f303xc.o(.text)
    COMP1_2_3_IRQHandler                     0x080001bb   Thumb Code     0  startup_stm32f303xc.o(.text)
    COMP4_5_6_IRQHandler                     0x080001bb   Thumb Code     0  startup_stm32f303xc.o(.text)
    COMP7_IRQHandler                         0x080001bb   Thumb Code     0  startup_stm32f303xc.o(.text)
    DMA1_Channel1_IRQHandler                 0x080001bb   Thumb Code     0  startup_stm32f303xc.o(.text)
    DMA1_Channel2_IRQHandler                 0x080001bb   Thumb Code     0  startup_stm32f303xc.o(.text)
    DMA1_Channel3_IRQHandler                 0x080001bb   Thumb Code     0  startup_stm32f303xc.o(.text)
    DMA1_Channel4_IRQHandler                 0x080001bb   Thumb Code     0  startup_stm32f303xc.o(.text)
    DMA1_Channel5_IRQHandler                 0x080001bb   Thumb Code     0  startup_stm32f303xc.o(.text)
    DMA1_Channel6_IRQHandler                 0x080001bb   Thumb Code     0  startup_stm32f303xc.o(.text)
    DMA1_Channel7_IRQHandler                 0x080001bb   Thumb Code     0  startup_stm32f303xc.o(.text)
    DMA2_Channel1_IRQHandler                 0x080001bb   Thumb Code     0  startup_stm32f303xc.o(.text)
    DMA2_Channel2_IRQHandler                 0x080001bb   Thumb Code     0  startup_stm32f303xc.o(.text)
    DMA2_Channel3_IRQHandler                 0x080001bb   Thumb Code     0  startup_stm32f303xc.o(.text)
    DMA2_Channel4_IRQHandler                 0x080001bb   Thumb Code     0  startup_stm32f303xc.o(.text)
    DMA2_Channel5_IRQHandler                 0x080001bb   Thumb Code     0  startup_stm32f303xc.o(.text)
    EXTI0_IRQHandler                         0x080001bb   Thumb Code     0  startup_stm32f303xc.o(.text)
    EXTI15_10_IRQHandler                     0x080001bb   Thumb Code     0  startup_stm32f303xc.o(.text)
    EXTI1_IRQHandler                         0x080001bb   Thumb Code     0  startup_stm32f303xc.o(.text)
    EXTI2_TSC_IRQHandler                     0x080001bb   Thumb Code     0  startup_stm32f303xc.o(.text)
    EXTI3_IRQHandler                         0x080001bb   Thumb Code     0  startup_stm32f303xc.o(.text)
    EXTI4_IRQHandler                         0x080001bb   Thumb Code     0  startup_stm32f303xc.o(.text)
    EXTI9_5_IRQHandler                       0x080001bb   Thumb Code     0  startup_stm32f303xc.o(.text)
    FLASH_IRQHandler                         0x080001bb   Thumb Code     0  startup_stm32f303xc.o(.text)
    FPU_IRQHandler                           0x080001bb   Thumb Code     0  startup_stm32f303xc.o(.text)
    I2C1_ER_IRQHandler                       0x080001bb   Thumb Code     0  startup_stm32f303xc.o(.text)
    I2C1_EV_IRQHandler                       0x080001bb   Thumb Code     0  startup_stm32f303xc.o(.text)
    I2C2_ER_IRQHandler                       0x080001bb   Thumb Code     0  startup_stm32f303xc.o(.text)
    I2C2_EV_IRQHandler                       0x080001bb   Thumb Code     0  startup_stm32f303xc.o(.text)
    PVD_IRQHandler                           0x080001bb   Thumb Code     0  startup_stm32f303xc.o(.text)
    RCC_IRQHandler                           0x080001bb   Thumb Code     0  startup_stm32f303xc.o(.text)
    RTC_Alarm_IRQHandler                     0x080001bb   Thumb Code     0  startup_stm32f303xc.o(.text)
    RTC_WKUP_IRQHandler                      0x080001bb   Thumb Code     0  startup_stm32f303xc.o(.text)
    SPI1_IRQHandler                          0x080001bb   Thumb Code     0  startup_stm32f303xc.o(.text)
    SPI2_IRQHandler                          0x080001bb   Thumb Code     0  startup_stm32f303xc.o(.text)
    SPI3_IRQHandler                          0x080001bb   Thumb Code     0  startup_stm32f303xc.o(.text)
    TAMP_STAMP_IRQHandler                    0x080001bb   Thumb Code     0  startup_stm32f303xc.o(.text)
    TIM1_BRK_TIM15_IRQHandler                0x080001bb   Thumb Code     0  startup_stm32f303xc.o(.text)
    TIM1_CC_IRQHandler                       0x080001bb   Thumb Code     0  startup_stm32f303xc.o(.text)
    TIM1_TRG_COM_TIM17_IRQHandler            0x080001bb   Thumb Code     0  startup_stm32f303xc.o(.text)
    TIM1_UP_TIM16_IRQHandler                 0x080001bb   Thumb Code     0  startup_stm32f303xc.o(.text)
    TIM2_IRQHandler                          0x080001bb   Thumb Code     0  startup_stm32f303xc.o(.text)
    TIM3_IRQHandler                          0x080001bb   Thumb Code     0  startup_stm32f303xc.o(.text)
    TIM6_DAC_IRQHandler                      0x080001bb   Thumb Code     0  startup_stm32f303xc.o(.text)
    TIM7_IRQHandler                          0x080001bb   Thumb Code     0  startup_stm32f303xc.o(.text)
    TIM8_BRK_IRQHandler                      0x080001bb   Thumb Code     0  startup_stm32f303xc.o(.text)
    TIM8_CC_IRQHandler                       0x080001bb   Thumb Code     0  startup_stm32f303xc.o(.text)
    TIM8_TRG_COM_IRQHandler                  0x080001bb   Thumb Code     0  startup_stm32f303xc.o(.text)
    TIM8_UP_IRQHandler                       0x080001bb   Thumb Code     0  startup_stm32f303xc.o(.text)
    UART4_IRQHandler                         0x080001bb   Thumb Code     0  startup_stm32f303xc.o(.text)
    UART5_IRQHandler                         0x080001bb   Thumb Code     0  startup_stm32f303xc.o(.text)
    USART1_IRQHandler                        0x080001bb   Thumb Code     0  startup_stm32f303xc.o(.text)
    USART2_IRQHandler                        0x080001bb   Thumb Code     0  startup_stm32f303xc.o(.text)
    USART3_IRQHandler                        0x080001bb   Thumb Code     0  startup_stm32f303xc.o(.text)
    USBWakeUp_IRQHandler                     0x080001bb   Thumb Code     0  startup_stm32f303xc.o(.text)
    USBWakeUp_RMP_IRQHandler                 0x080001bb   Thumb Code     0  startup_stm32f303xc.o(.text)
    USB_HP_CAN_TX_IRQHandler                 0x080001bb   Thumb Code     0  startup_stm32f303xc.o(.text)
    USB_HP_IRQHandler                        0x080001bb   Thumb Code     0  startup_stm32f303xc.o(.text)
    USB_LP_CAN_RX0_IRQHandler                0x080001bb   Thumb Code     0  startup_stm32f303xc.o(.text)
    USB_LP_IRQHandler                        0x080001bb   Thumb Code     0  startup_stm32f303xc.o(.text)
    WWDG_IRQHandler                          0x080001bb   Thumb Code     0  startup_stm32f303xc.o(.text)
    __aeabi_memcpy                           0x080001c5   Thumb Code    36  memcpya.o(.text)
    __aeabi_memcpy4                          0x080001c5   Thumb Code     0  memcpya.o(.text)
    __aeabi_memcpy8                          0x080001c5   Thumb Code     0  memcpya.o(.text)
    __aeabi_memset                           0x080001e9   Thumb Code    14  memseta.o(.text)
    __aeabi_memset4                          0x080001e9   Thumb Code     0  memseta.o(.text)
    __aeabi_memset8                          0x080001e9   Thumb Code     0  memseta.o(.text)
    __aeabi_memclr                           0x080001f7   Thumb Code     4  memseta.o(.text)
    __aeabi_memclr4                          0x080001f7   Thumb Code     0  memseta.o(.text)
    __aeabi_memclr8                          0x080001f7   Thumb Code     0  memseta.o(.text)
    _memset$wrapper                          0x080001fb   Thumb Code    18  memseta.o(.text)
    __scatterload                            0x0800020d   Thumb Code    28  init.o(.text)
    __scatterload_rt2                        0x0800020d   Thumb Code     0  init.o(.text)
    __decompress                             0x08000231   Thumb Code     0  __dczerorl2.o(.text)
    __decompress1                            0x08000231   Thumb Code    86  __dczerorl2.o(.text)
    BusFault_Handler                         0x08000287   Thumb Code     4  stm32f3xx_it.o(i.BusFault_Handler)
    DPM_FindVoltageIndex                     0x0800032d   Thumb Code   144  usbpd_dpm_user.o(i.DPM_FindVoltageIndex)
    DPM_SNK_BuildRDOfromSelectedFixedPDO     0x080003c9   Thumb Code   246  usbpd_dpm_user.o(i.DPM_SNK_BuildRDOfromSelectedFixedPDO)
    DebugMon_Handler                         0x080004cd   Thumb Code     2  stm32f3xx_it.o(i.DebugMon_Handler)
    Error_Handler                            0x080004cf   Thumb Code     6  main.o(i.Error_Handler)
    GetAverageValue                          0x080004d5   Thumb Code    44  measure.o(i.GetAverageValue)
    GetInstantCC1Voltage                     0x08000521   Thumb Code    12  measure.o(i.GetInstantCC1Voltage)
    GetInstantCC2Voltage                     0x08000531   Thumb Code    12  measure.o(i.GetInstantCC2Voltage)
    GetInstantDNVoltage                      0x08000541   Thumb Code    12  measure.o(i.GetInstantDNVoltage)
    GetInstantDPVoltage                      0x08000551   Thumb Code    12  measure.o(i.GetInstantDPVoltage)
    GetInstantVBUSCurrent                    0x08000561   Thumb Code    12  measure.o(i.GetInstantVBUSCurrent)
    GetInstantVBUSVoltage                    0x08000571   Thumb Code     6  measure.o(i.GetInstantVBUSVoltage)
    GetInstantValue                          0x08000577   Thumb Code    76  measure.o(i.GetInstantValue)
    HAL_Delay                                0x080005c5   Thumb Code    34  stm32f3xx_hal.o(i.HAL_Delay)
    HAL_GPIO_Init                            0x080005ed   Thumb Code   508  stm32f3xx_hal_gpio.o(i.HAL_GPIO_Init)
    HAL_GetTick                              0x080007f9   Thumb Code     6  stm32f3xx_hal.o(i.HAL_GetTick)
    HAL_IncTick                              0x08000805   Thumb Code    12  stm32f3xx_hal.o(i.HAL_IncTick)
    HAL_Init                                 0x08000815   Thumb Code    32  stm32f3xx_hal.o(i.HAL_Init)
    HAL_InitTick                             0x08000839   Thumb Code    58  stm32f3xx_hal.o(i.HAL_InitTick)
    HAL_MspInit                              0x0800087d   Thumb Code    64  stm32f3xx_hal_msp.o(i.HAL_MspInit)
    HAL_NVIC_EnableIRQ                       0x080008c1   Thumb Code    28  stm32f3xx_hal_cortex.o(i.HAL_NVIC_EnableIRQ)
    HAL_NVIC_SetPriority                     0x080008dd   Thumb Code    98  stm32f3xx_hal_cortex.o(i.HAL_NVIC_SetPriority)
    HAL_NVIC_SetPriorityGrouping             0x08000945   Thumb Code    30  stm32f3xx_hal_cortex.o(i.HAL_NVIC_SetPriorityGrouping)
    HAL_SYSTICK_Config                       0x08000969   Thumb Code    36  stm32f3xx_hal_cortex.o(i.HAL_SYSTICK_Config)
    HAL_TIMEx_MasterConfigSynchronization    0x08000991   Thumb Code   138  stm32f3xx_hal_tim_ex.o(i.HAL_TIMEx_MasterConfigSynchronization)
    HAL_TIM_Base_Init                        0x08000a25   Thumb Code   100  stm32f3xx_hal_tim.o(i.HAL_TIM_Base_Init)
    HAL_TIM_Base_MspInit                     0x08000a89   Thumb Code   124  stm32f3xx_hal_msp.o(i.HAL_TIM_Base_MspInit)
    HAL_TIM_ConfigClockSource                0x08000b11   Thumb Code   238  stm32f3xx_hal_tim.o(i.HAL_TIM_ConfigClockSource)
    HAL_TIM_IC_ConfigChannel                 0x08000bff   Thumb Code   192  stm32f3xx_hal_tim.o(i.HAL_TIM_IC_ConfigChannel)
    HAL_TIM_IC_Init                          0x08000cbf   Thumb Code   100  stm32f3xx_hal_tim.o(i.HAL_TIM_IC_Init)
    HAL_TIM_IC_MspInit                       0x08000d23   Thumb Code     2  stm32f3xx_hal_tim.o(i.HAL_TIM_IC_MspInit)
    HardFault_Handler                        0x08000d25   Thumb Code     4  stm32f3xx_it.o(i.HardFault_Handler)
    HwAdcSample                              0x08000d29   Thumb Code   272  measure.o(i.HwAdcSample)
    IncMsCount                               0x08000e61   Thumb Code    12  main.o(i.IncMsCount)
    IsTimer1Expired                          0x08000e71   Thumb Code    34  timer.o(i.IsTimer1Expired)
    IsTimer2Expired                          0x08000ea1   Thumb Code    34  timer.o(i.IsTimer2Expired)
    LL_ADC_CommonInit                        0x08000ed1   Thumb Code   108  stm32f3xx_ll_adc.o(i.LL_ADC_CommonInit)
    LL_ADC_Init                              0x08000f89   Thumb Code    52  stm32f3xx_ll_adc.o(i.LL_ADC_Init)
    LL_ADC_REG_Init                          0x08000fd1   Thumb Code   106  stm32f3xx_ll_adc.o(i.LL_ADC_REG_Init)
    LL_COMP_Init                             0x08001195   Thumb Code    80  stm32f3xx_ll_comp.o(i.LL_COMP_Init)
    LL_DAC_Init                              0x080011fb   Thumb Code   126  stm32f3xx_ll_dac.o(i.LL_DAC_Init)
    LL_EXTI_Init                             0x08001279   Thumb Code   408  stm32f3xx_ll_exti.o(i.LL_EXTI_Init)
    LL_GPIO_Init                             0x08001421   Thumb Code   376  stm32f3xx_ll_gpio.o(i.LL_GPIO_Init)
    LL_SetSystemCoreClock                    0x08001679   Thumb Code     6  stm32f3xx_ll_utils.o(i.LL_SetSystemCoreClock)
    LL_TIM_IC_CaptureCallback                0x08001685   Thumb Code   240  usbpd_phy_decode.o(i.LL_TIM_IC_CaptureCallback)
    LL_TIM_Init                              0x0800197d   Thumb Code   150  stm32f3xx_ll_tim.o(i.LL_TIM_Init)
    MemManage_Handler                        0x08002231   Thumb Code     4  stm32f3xx_it.o(i.MemManage_Handler)
    NMI_Handler                              0x08002235   Thumb Code     4  stm32f3xx_it.o(i.NMI_Handler)
    PendSV_Handler                           0x08002239   Thumb Code     2  stm32f3xx_it.o(i.PendSV_Handler)
    QuickChargeDetection                     0x0800223d   Thumb Code   296  usbqc.o(i.QuickChargeDetection)
    ResetQuickChargeFlag                     0x080023a9   Thumb Code    16  usbqc.o(i.ResetQuickChargeFlag)
    RestartTimer1                            0x080023c5   Thumb Code    12  timer.o(i.RestartTimer1)
    SVC_Handler                              0x080023d5   Thumb Code     2  stm32f3xx_it.o(i.SVC_Handler)
    StartTimer1                              0x080023d9   Thumb Code    24  timer.o(i.StartTimer1)
    StartTimer2                              0x080023fd   Thumb Code    24  timer.o(i.StartTimer2)
    StopAllTimers                            0x08002421   Thumb Code    12  timer.o(i.StopAllTimers)
    StopTimer1                               0x08002435   Thumb Code     8  timer.o(i.StopTimer1)
    SysTick_Handler                          0x08002441   Thumb Code    12  stm32f3xx_it.o(i.SysTick_Handler)
    SystemClock_Config                       0x0800244d   Thumb Code   254  main.o(i.SystemClock_Config)
    SystemInit                               0x08002561   Thumb Code    14  system_stm32f3xx.o(i.SystemInit)
    TIM4_IRQHandler                          0x08002575   Thumb Code    20  stm32f3xx_it.o(i.TIM4_IRQHandler)
    TIM_Base_SetConfig                       0x0800258d   Thumb Code   148  stm32f3xx_hal_tim.o(i.TIM_Base_SetConfig)
    TIM_ETR_SetConfig                        0x0800263d   Thumb Code    22  stm32f3xx_hal_tim.o(i.TIM_ETR_SetConfig)
    TIM_TI1_SetConfig                        0x08002689   Thumb Code   122  stm32f3xx_hal_tim.o(i.TIM_TI1_SetConfig)
    USBPD_DPM_SNK_EvaluateMatchWithSRCFixedPDO 0x080027e5   Thumb Code   134  usbpd_dpm_user.o(i.USBPD_DPM_SNK_EvaluateMatchWithSRCFixedPDO)
    USBPD_DisableDecoder                     0x08002871   Thumb Code    28  usbpd_phy_decode.o(i.USBPD_DisableDecoder)
    USBPD_EnableDecoder                      0x08002891   Thumb Code    28  usbpd_phy_decode.o(i.USBPD_EnableDecoder)
    USBPD_GetMessage                         0x080028b1   Thumb Code   108  usbpd_msgrcv.o(i.USBPD_GetMessage)
    USBPD_GetReceivedMsgType                 0x0800291d   Thumb Code    96  usbpd_msgrcv.o(i.USBPD_GetReceivedMsgType)
    USBPD_IncreaseTransMsgID                 0x0800297d   Thumb Code    28  usbpd_prl.o(i.USBPD_IncreaseTransMsgID)
    USBPD_PHY_4B5BEncode                     0x0800299d   Thumb Code   100  usbpd_phy_4b5b.o(i.USBPD_PHY_4B5BEncode)
    USBPD_PHY_5B4BDecode                     0x08002a01   Thumb Code   110  usbpd_phy_4b5b.o(i.USBPD_PHY_5B4BDecode)
    USBPD_PHY_CRC32Check                     0x08002ae9   Thumb Code    30  usbpd_phy_crc32.o(i.USBPD_PHY_CRC32Check)
    USBPD_PHY_CRC32Generate                  0x08002b0d   Thumb Code    32  usbpd_phy_crc32.o(i.USBPD_PHY_CRC32Generate)
    USBPD_PHY_Cov5BCodeTo5BValue             0x08002b31   Thumb Code    32  usbpd_phy_4b5b.o(i.USBPD_PHY_Cov5BCodeTo5BValue)
    USBPD_PHY_Cov5BValueTo5BCode             0x08002b51   Thumb Code    32  usbpd_phy_4b5b.o(i.USBPD_PHY_Cov5BValueTo5BCode)
    USBPD_PHY_DecodeMessage                  0x08002b71   Thumb Code   310  usbpd_phy_decode.o(i.USBPD_PHY_DecodeMessage)
    USBPD_PHY_EncodeMessage                  0x08002d41   Thumb Code   364  usbpd_phy_encode.o(i.USBPD_PHY_EncodeMessage)
    USBPD_PHY_SendBit                        0x08002ffd   Thumb Code    96  usbpd_phy_encode.o(i.USBPD_PHY_SendBit)
    USBPD_PHY_SetMessage                     0x08003061   Thumb Code   202  usbpd_phy_encode.o(i.USBPD_PHY_SetMessage)
    USBPD_ProtocolLayerReset                 0x0800312d   Thumb Code    28  usbpd_prl.o(i.USBPD_ProtocolLayerReset)
    USBPD_Send_ControlMessage                0x0800315d   Thumb Code    64  usbpd_msgtrans.o(i.USBPD_Send_ControlMessage)
    USBPD_Send_HardReset                     0x080031b5   Thumb Code    38  usbpd_msgtrans.o(i.USBPD_Send_HardReset)
    USBPD_Send_Request                       0x080031ed   Thumb Code    56  usbpd_msgtrans.o(i.USBPD_Send_Request)
    USBPD_Send_SinkCap                       0x08003239   Thumb Code    58  usbpd_msgtrans.o(i.USBPD_Send_SinkCap)
    USBPD_SetMessage_Control                 0x08003289   Thumb Code    34  usbpd_msgtrans.o(i.USBPD_SetMessage_Control)
    USBPD_SetMessage_Data                    0x080032ab   Thumb Code    70  usbpd_msgtrans.o(i.USBPD_SetMessage_Data)
    USBPD_SetMessage_HardReset               0x080032f1   Thumb Code     6  usbpd_msgtrans.o(i.USBPD_SetMessage_HardReset)
    USBPD_StateDiscovery_Action              0x080032f7   Thumb Code    30  usbpd_sm.o(i.USBPD_StateDiscovery_Action)
    USBPD_StateDiscovery_Entry               0x08003315   Thumb Code     2  usbpd_sm.o(i.USBPD_StateDiscovery_Entry)
    USBPD_StateDiscovery_Exit                0x08003317   Thumb Code     2  usbpd_sm.o(i.USBPD_StateDiscovery_Exit)
    USBPD_StateGetSrcCap_Aciton              0x08003319   Thumb Code   158  usbpd_sm.o(i.USBPD_StateGetSrcCap_Aciton)
    USBPD_StateGetSrcCap_Entry               0x080033d1   Thumb Code    20  usbpd_sm.o(i.USBPD_StateGetSrcCap_Entry)
    USBPD_StateGetSrcCap_Exit                0x080033e5   Thumb Code     8  usbpd_sm.o(i.USBPD_StateGetSrcCap_Exit)
    USBPD_StateGiveSinkCap_Aciton            0x080033ed   Thumb Code   160  usbpd_sm.o(i.USBPD_StateGiveSinkCap_Aciton)
    USBPD_StateGiveSinkCap_Entry             0x080034a9   Thumb Code    22  usbpd_sm.o(i.USBPD_StateGiveSinkCap_Entry)
    USBPD_StateGiveSinkCap_Exit              0x080034c5   Thumb Code     8  usbpd_sm.o(i.USBPD_StateGiveSinkCap_Exit)
    USBPD_StateHardReset_Aciton              0x080034cd   Thumb Code   156  usbpd_sm.o(i.USBPD_StateHardReset_Aciton)
    USBPD_StateHardReset_Entry               0x08003581   Thumb Code    44  usbpd_sm.o(i.USBPD_StateHardReset_Entry)
    USBPD_StateHardReset_Exit                0x080035b5   Thumb Code     8  usbpd_sm.o(i.USBPD_StateHardReset_Exit)
    USBPD_StateNotSupported_Aciton           0x080035bd   Thumb Code   156  usbpd_sm.o(i.USBPD_StateNotSupported_Aciton)
    USBPD_StateNotSupported_Entry            0x08003671   Thumb Code    20  usbpd_sm.o(i.USBPD_StateNotSupported_Entry)
    USBPD_StateNotSupported_Exit             0x08003685   Thumb Code     2  usbpd_sm.o(i.USBPD_StateNotSupported_Exit)
    USBPD_StateReady_Aciton                  0x08003689   Thumb Code   164  usbpd_sm.o(i.USBPD_StateReady_Aciton)
    USBPD_StateReady_Entry                   0x08003745   Thumb Code    20  usbpd_sm.o(i.USBPD_StateReady_Entry)
    USBPD_StateReady_Exit                    0x0800375d   Thumb Code     8  usbpd_sm.o(i.USBPD_StateReady_Exit)
    USBPD_StateSelectCap_Aciton              0x08003765   Thumb Code   304  usbpd_sm.o(i.USBPD_StateSelectCap_Aciton)
    USBPD_StateSelectCap_Entry               0x080038bd   Thumb Code    50  usbpd_sm.o(i.USBPD_StateSelectCap_Entry)
    USBPD_StateSelectCap_Exit                0x080038f9   Thumb Code     8  usbpd_sm.o(i.USBPD_StateSelectCap_Exit)
    USBPD_StateSoftReset_Aciton              0x08003901   Thumb Code   156  usbpd_sm.o(i.USBPD_StateSoftReset_Aciton)
    USBPD_StateSoftReset_Entry               0x080039b5   Thumb Code    38  usbpd_sm.o(i.USBPD_StateSoftReset_Entry)
    USBPD_StateSoftReset_Exit                0x080039e1   Thumb Code     8  usbpd_sm.o(i.USBPD_StateSoftReset_Exit)
    USBPD_StateStartup_Aciton                0x080039e9   Thumb Code    26  usbpd_sm.o(i.USBPD_StateStartup_Aciton)
    USBPD_StateStartup_Entry                 0x08003a05   Thumb Code     8  usbpd_sm.o(i.USBPD_StateStartup_Entry)
    USBPD_StateStartup_Exit                  0x08003a11   Thumb Code     8  usbpd_sm.o(i.USBPD_StateStartup_Exit)
    USBPD_StateTransDefault_Aciton           0x08003a19   Thumb Code    10  usbpd_sm.o(i.USBPD_StateTransDefault_Aciton)
    USBPD_StateTransDefault_Entry            0x08003a23   Thumb Code     2  usbpd_sm.o(i.USBPD_StateTransDefault_Entry)
    USBPD_StateTransDefault_Exit             0x08003a25   Thumb Code     2  usbpd_sm.o(i.USBPD_StateTransDefault_Exit)
    USBPD_StateTransSink_Aciton              0x08003a29   Thumb Code   118  usbpd_sm.o(i.USBPD_StateTransSink_Aciton)
    USBPD_StateTransSink_Entry               0x08003ab5   Thumb Code    16  usbpd_sm.o(i.USBPD_StateTransSink_Entry)
    USBPD_StateTransSink_Exit                0x08003ac5   Thumb Code     8  usbpd_sm.o(i.USBPD_StateTransSink_Exit)
    USBPD_StateWaitCap_Aciton                0x08003acd   Thumb Code   118  usbpd_sm.o(i.USBPD_StateWaitCap_Aciton)
    USBPD_StateWaitCap_Entry                 0x08003b59   Thumb Code    16  usbpd_sm.o(i.USBPD_StateWaitCap_Entry)
    USBPD_StateWaitCap_Exit                  0x08003b69   Thumb Code     8  usbpd_sm.o(i.USBPD_StateWaitCap_Exit)
    UsageFault_Handler                       0x08003b71   Thumb Code     4  stm32f3xx_it.o(i.UsageFault_Handler)
    __scatterload_copy                       0x08003b75   Thumb Code    14  handlers.o(i.__scatterload_copy)
    __scatterload_null                       0x08003b83   Thumb Code     2  handlers.o(i.__scatterload_null)
    __scatterload_zeroinit                   0x08003b85   Thumb Code    14  handlers.o(i.__scatterload_zeroinit)
    main                                     0x08003b95   Thumb Code   258  main.o(i.main)
    Region$$Table$$Base                      0x08003ce4   Number         0  anon$$obj.o(Region$$Table)
    Region$$Table$$Limit                     0x08003d04   Number         0  anon$$obj.o(Region$$Table)
    DPM_SNKRequestedPower                    0x20000028   Data          24  usbpd_dpm_user.o(.data)
    stateStartupTransit                      0x20000060   Data           6  main.o(.data)
    stateDiscoveryTransit                    0x20000066   Data           6  main.o(.data)
    stateWaitCapTransit                      0x2000006c   Data          10  main.o(.data)
    stateSelectCapTransit                    0x20000076   Data          18  main.o(.data)
    stateTransSinkTransit                    0x20000088   Data          10  main.o(.data)
    stateReadyTransit                        0x20000092   Data          16  main.o(.data)
    stateGiveSinkCapTransit                  0x200000a2   Data          10  main.o(.data)
    stateGetSrcCapTransit                    0x200000ac   Data          10  main.o(.data)
    stateHardResetTransit                    0x200000b6   Data          10  main.o(.data)
    stateTransDefaultTransit                 0x200000c0   Data           6  main.o(.data)
    stateSoftResetTransit                    0x200000c6   Data          10  main.o(.data)
    stateNotSupportedTransit                 0x200000d0   Data          10  main.o(.data)
    SM_Table                                 0x200000dc   Data         192  main.o(.data)
    __stdout                                 0x2000019c   Data           4  main.o(.data)
    __stdin                                  0x200001a0   Data           4  main.o(.data)
    gNewMsgFlag                              0x200001a4   Data           1  main.o(.data)
    gBitNum                                  0x200001a8   Data           4  main.o(.data)
    gData5b                                  0x200001ac   Data           5  main.o(.data)
    gSRCFixedPDONum                          0x200001b4   Data           4  main.o(.data)
    gSNKFixedPDOList                         0x200001b8   Data           8  main.o(.data)
    gRdo                                     0x200001c0   Data           4  main.o(.data)
    gTransMsgID                              0x200001c4   Data           1  main.o(.data)
    gRcvMsgID                                0x200001c5   Data           1  main.o(.data)
    gHardRstCnt                              0x200001c6   Data           1  main.o(.data)
    gSoftRstCnt                              0x200001c7   Data           1  main.o(.data)
    gExplicitFlag                            0x200001c8   Data           1  main.o(.data)
    gWaitFlag                                0x200001c9   Data           1  main.o(.data)
    gNewReqFlag                              0x200001ca   Data           1  main.o(.data)
    gPDEn                                    0x200001cb   Data           1  main.o(.data)
    gQcAdapter                               0x200001cc   Data           1  main.o(.data)
    voltage                                  0x200001d0   Data           4  main.o(.data)
    allowablepower                           0x200001d4   Data           4  main.o(.data)
    srcFixPDOValue                           0x200001d8   Data          28  main.o(.data)
    sinkFixRDOValue                          0x200001f4   Data          28  main.o(.data)
    gVbus                                    0x20000210   Data           4  main.o(.data)
    gRcvMsgType                              0x20000214   Data           1  main.o(.data)
    gPreviousState                           0x20000215   Data           1  main.o(.data)
    gCurrentState                            0x20000216   Data           1  main.o(.data)
    adctest                                  0x20000218   Data           4  main.o(.data)
    SystemCoreClock                          0x20000220   Data           4  system_stm32f3xx.o(.data)
    uwTickFreq                               0x20000224   Data           1  stm32f3xx_hal.o(.data)
    uwTickPrio                               0x20000228   Data           4  stm32f3xx_hal.o(.data)
    uwTick                                   0x2000022c   Data           4  stm32f3xx_hal.o(.data)
    htim4                                    0x20000e0c   Data          76  main.o(.bss)
    gBit                                     0x20000e58   Data         500  main.o(.bss)
    gPhyRcvMsg                               0x2000104c   Data          56  main.o(.bss)
    gPhyTransMsg                             0x20001084   Data          56  main.o(.bss)
    gPrlRcvMsg                               0x200010bc   Data          36  main.o(.bss)
    gPrlTransMsg                             0x200010e0   Data          36  main.o(.bss)
    gSRCFixedPDOList                         0x20001104   Data          28  main.o(.bss)
    srcFixPDO                                0x20001120   Data          28  main.o(.bss)
    __initial_sp                             0x20001540   Data           0  startup_stm32f303xc.o(STACK)



==============================================================================

Memory Map of the image

  Image Entry point : 0x08000189

  Load Region LR_IROM1 (Base: 0x08000000, Size: 0x00003f34, Max: 0x00040000, ABSOLUTE, COMPRESSED[0x00003e4c])

    Execution Region ER_IROM1 (Exec base: 0x08000000, Load base: 0x08000000, Size: 0x00003d04, Max: 0x00040000, ABSOLUTE)

    Exec Addr    Load Addr    Size         Type   Attr      Idx    E Section Name        Object

    0x08000000   0x08000000   0x00000188   Data   RO            3    RESET               startup_stm32f303xc.o
    0x08000188   0x08000188   0x00000000   Code   RO         4837  * .ARM.Collect$$$$00000000  mc_w.l(entry.o)
    0x08000188   0x08000188   0x00000004   Code   RO         4850    .ARM.Collect$$$$00000001  mc_w.l(entry2.o)
    0x0800018c   0x0800018c   0x00000004   Code   RO         4853    .ARM.Collect$$$$00000004  mc_w.l(entry5.o)
    0x08000190   0x08000190   0x00000000   Code   RO         4855    .ARM.Collect$$$$00000008  mc_w.l(entry7b.o)
    0x08000190   0x08000190   0x00000000   Code   RO         4857    .ARM.Collect$$$$0000000A  mc_w.l(entry8b.o)
    0x08000190   0x08000190   0x00000008   Code   RO         4858    .ARM.Collect$$$$0000000B  mc_w.l(entry9a.o)
    0x08000198   0x08000198   0x00000004   Code   RO         4865    .ARM.Collect$$$$0000000E  mc_w.l(entry12b.o)
    0x0800019c   0x0800019c   0x00000000   Code   RO         4860    .ARM.Collect$$$$0000000F  mc_w.l(entry10a.o)
    0x0800019c   0x0800019c   0x00000000   Code   RO         4862    .ARM.Collect$$$$00000011  mc_w.l(entry11a.o)
    0x0800019c   0x0800019c   0x00000004   Code   RO         4851    .ARM.Collect$$$$00002712  mc_w.l(entry2.o)
    0x080001a0   0x080001a0   0x00000024   Code   RO            4    .text               startup_stm32f303xc.o
    0x080001c4   0x080001c4   0x00000024   Code   RO         4844    .text               mc_w.l(memcpya.o)
    0x080001e8   0x080001e8   0x00000024   Code   RO         4846    .text               mc_w.l(memseta.o)
    0x0800020c   0x0800020c   0x00000024   Code   RO         4868    .text               mc_w.l(init.o)
    0x08000230   0x08000230   0x00000056   Code   RO         4878    .text               mc_w.l(__dczerorl2.o)
    0x08000286   0x08000286   0x00000004   Code   RO         1471    i.BusFault_Handler  stm32f3xx_it.o
    0x0800028a   0x0800028a   0x00000002   PAD
    0x0800028c   0x0800028c   0x000000a0   Code   RO          478    i.CRC_Handle_8      usbpd_phy_crc32.o
    0x0800032c   0x0800032c   0x0000009c   Code   RO          780    i.DPM_FindVoltageIndex  usbpd_dpm_user.o
    0x080003c8   0x080003c8   0x00000104   Code   RO          781    i.DPM_SNK_BuildRDOfromSelectedFixedPDO  usbpd_dpm_user.o
    0x080004cc   0x080004cc   0x00000002   Code   RO         1472    i.DebugMon_Handler  stm32f3xx_it.o
    0x080004ce   0x080004ce   0x00000006   Code   RO         1093    i.Error_Handler     main.o
    0x080004d4   0x080004d4   0x0000002c   Code   RO          945    i.GetAverageValue   measure.o
    0x08000500   0x08000500   0x00000020   Code   RO         1094    i.GetEvent          main.o
    0x08000520   0x08000520   0x00000010   Code   RO          948    i.GetInstantCC1Voltage  measure.o
    0x08000530   0x08000530   0x00000010   Code   RO          949    i.GetInstantCC2Voltage  measure.o
    0x08000540   0x08000540   0x00000010   Code   RO          950    i.GetInstantDNVoltage  measure.o
    0x08000550   0x08000550   0x00000010   Code   RO          951    i.GetInstantDPVoltage  measure.o
    0x08000560   0x08000560   0x00000010   Code   RO          952    i.GetInstantVBUSCurrent  measure.o
    0x08000570   0x08000570   0x00000006   Code   RO          953    i.GetInstantVBUSVoltage  measure.o
    0x08000576   0x08000576   0x0000004c   Code   RO          954    i.GetInstantValue   measure.o
    0x080005c2   0x080005c2   0x00000002   PAD
    0x080005c4   0x080005c4   0x00000028   Code   RO         2029    i.HAL_Delay         stm32f3xx_hal.o
    0x080005ec   0x080005ec   0x0000020c   Code   RO         2346    i.HAL_GPIO_Init     stm32f3xx_hal_gpio.o
    0x080007f8   0x080007f8   0x0000000c   Code   RO         2033    i.HAL_GetTick       stm32f3xx_hal.o
    0x08000804   0x08000804   0x00000010   Code   RO         2039    i.HAL_IncTick       stm32f3xx_hal.o
    0x08000814   0x08000814   0x00000024   Code   RO         2040    i.HAL_Init          stm32f3xx_hal.o
    0x08000838   0x08000838   0x00000044   Code   RO         2041    i.HAL_InitTick      stm32f3xx_hal.o
    0x0800087c   0x0800087c   0x00000044   Code   RO         1558    i.HAL_MspInit       stm32f3xx_hal_msp.o
    0x080008c0   0x080008c0   0x0000001c   Code   RO         2514    i.HAL_NVIC_EnableIRQ  stm32f3xx_hal_cortex.o
    0x080008dc   0x080008dc   0x00000068   Code   RO         2520    i.HAL_NVIC_SetPriority  stm32f3xx_hal_cortex.o
    0x08000944   0x08000944   0x00000024   Code   RO         2521    i.HAL_NVIC_SetPriorityGrouping  stm32f3xx_hal_cortex.o
    0x08000968   0x08000968   0x00000028   Code   RO         2525    i.HAL_SYSTICK_Config  stm32f3xx_hal_cortex.o
    0x08000990   0x08000990   0x00000094   Code   RO         4430    i.HAL_TIMEx_MasterConfigSynchronization  stm32f3xx_hal_tim_ex.o
    0x08000a24   0x08000a24   0x00000064   Code   RO         3684    i.HAL_TIM_Base_Init  stm32f3xx_hal_tim.o
    0x08000a88   0x08000a88   0x00000088   Code   RO         1560    i.HAL_TIM_Base_MspInit  stm32f3xx_hal_msp.o
    0x08000b10   0x08000b10   0x000000ee   Code   RO         3693    i.HAL_TIM_ConfigClockSource  stm32f3xx_hal_tim.o
    0x08000bfe   0x08000bfe   0x000000c0   Code   RO         3720    i.HAL_TIM_IC_ConfigChannel  stm32f3xx_hal_tim.o
    0x08000cbe   0x08000cbe   0x00000064   Code   RO         3723    i.HAL_TIM_IC_Init   stm32f3xx_hal_tim.o
    0x08000d22   0x08000d22   0x00000002   Code   RO         3725    i.HAL_TIM_IC_MspInit  stm32f3xx_hal_tim.o
    0x08000d24   0x08000d24   0x00000004   Code   RO         1473    i.HardFault_Handler  stm32f3xx_it.o
    0x08000d28   0x08000d28   0x00000138   Code   RO          955    i.HwAdcSample       measure.o
    0x08000e60   0x08000e60   0x00000010   Code   RO         1096    i.IncMsCount        main.o
    0x08000e70   0x08000e70   0x00000030   Code   RO          879    i.IsTimer1Expired   timer.o
    0x08000ea0   0x08000ea0   0x00000030   Code   RO          880    i.IsTimer2Expired   timer.o
    0x08000ed0   0x08000ed0   0x0000007c   Code   RO         1793    i.LL_ADC_CommonInit  stm32f3xx_ll_adc.o
    0x08000f4c   0x08000f4c   0x00000010   Code   RO          957    i.LL_ADC_Disable    measure.o
    0x08000f5c   0x08000f5c   0x00000010   Code   RO          958    i.LL_ADC_Enable     measure.o
    0x08000f6c   0x08000f6c   0x0000001c   Code   RO         1097    i.LL_ADC_EnableInternalRegulator  main.o
    0x08000f88   0x08000f88   0x00000034   Code   RO         1798    i.LL_ADC_Init       stm32f3xx_ll_adc.o
    0x08000fbc   0x08000fbc   0x0000000a   Code   RO          959    i.LL_ADC_IsActiveFlag_ADRDY  measure.o
    0x08000fc6   0x08000fc6   0x0000000a   Code   RO          960    i.LL_ADC_IsActiveFlag_EOC  measure.o
    0x08000fd0   0x08000fd0   0x00000070   Code   RO         1799    i.LL_ADC_REG_Init   stm32f3xx_ll_adc.o
    0x08001040   0x08001040   0x0000000a   Code   RO          961    i.LL_ADC_REG_IsConversionOngoing  measure.o
    0x0800104a   0x0800104a   0x00000038   Code   RO          962    i.LL_ADC_REG_SetSequencerRanks  measure.o
    0x08001082   0x08001082   0x00000038   Code   RO         1098    i.LL_ADC_REG_SetSequencerRanks  main.o
    0x080010ba   0x080010ba   0x00000002   PAD
    0x080010bc   0x080010bc   0x00000010   Code   RO          963    i.LL_ADC_REG_StartConversion  measure.o
    0x080010cc   0x080010cc   0x00000014   Code   RO          964    i.LL_ADC_REG_StopConversion  measure.o
    0x080010e0   0x080010e0   0x00000052   Code   RO         1099    i.LL_ADC_SetChannelSamplingTime  main.o
    0x08001132   0x08001132   0x00000002   PAD
    0x08001134   0x08001134   0x00000028   Code   RO         1100    i.LL_ADC_SetChannelSingleDiff  main.o
    0x0800115c   0x0800115c   0x0000001c   Code   RO         1101    i.LL_AHB1_GRP1_EnableClock  main.o
    0x08001178   0x08001178   0x0000001c   Code   RO         1102    i.LL_APB1_GRP1_EnableClock  main.o
    0x08001194   0x08001194   0x00000054   Code   RO         3575    i.LL_COMP_Init      stm32f3xx_ll_comp.o
    0x080011e8   0x080011e8   0x00000012   Code   RO         1103    i.LL_DAC_DisableTrigger  main.o
    0x080011fa   0x080011fa   0x0000007e   Code   RO         3641    i.LL_DAC_Init       stm32f3xx_ll_dac.o
    0x08001278   0x08001278   0x000001a8   Code   RO         1712    i.LL_EXTI_Init      stm32f3xx_ll_exti.o
    0x08001420   0x08001420   0x00000178   Code   RO         1751    i.LL_GPIO_Init      stm32f3xx_ll_gpio.o
    0x08001598   0x08001598   0x00000004   Code   RO          820    i.LL_GPIO_ResetOutputPin  usbqc.o
    0x0800159c   0x0800159c   0x00000004   Code   RO         1104    i.LL_GPIO_ResetOutputPin  main.o
    0x080015a0   0x080015a0   0x00000004   Code   RO          821    i.LL_GPIO_SetOutputPin  usbqc.o
    0x080015a4   0x080015a4   0x00000004   Code   RO         1105    i.LL_GPIO_SetOutputPin  main.o
    0x080015a8   0x080015a8   0x00000028   Code   RO          822    i.LL_GPIO_SetPinMode  usbqc.o
    0x080015d0   0x080015d0   0x00000028   Code   RO         1106    i.LL_GPIO_SetPinMode  main.o
    0x080015f8   0x080015f8   0x00000028   Code   RO         1107    i.LL_GPIO_SetPinPull  main.o
    0x08001620   0x08001620   0x00000014   Code   RO          602    i.LL_GPIO_TogglePin  usbpd_phy_encode.o
    0x08001634   0x08001634   0x00000018   Code   RO         1108    i.LL_RCC_SetADCClockSource  main.o
    0x0800164c   0x0800164c   0x0000002c   Code   RO         1109    i.LL_SYSCFG_SetEXTISource  main.o
    0x08001678   0x08001678   0x0000000c   Code   RO         1637    i.LL_SetSystemCoreClock  stm32f3xx_ll_utils.o
    0x08001684   0x08001684   0x0000010c   Code   RO          515    i.LL_TIM_IC_CaptureCallback  usbpd_phy_decode.o
    0x08001790   0x08001790   0x00000080   Code   RO         1110    i.LL_TIM_IC_SetActiveInput  main.o
    0x08001810   0x08001810   0x00000080   Code   RO         1111    i.LL_TIM_IC_SetFilter  main.o
    0x08001890   0x08001890   0x0000006c   Code   RO         1112    i.LL_TIM_IC_SetPolarity  main.o
    0x080018fc   0x080018fc   0x00000080   Code   RO         1113    i.LL_TIM_IC_SetPrescaler  main.o
    0x0800197c   0x0800197c   0x000000b4   Code   RO         4701    i.LL_TIM_Init       stm32f3xx_ll_tim.o
    0x08001a30   0x08001a30   0x000000fc   Code   RO         1114    i.MX_ADC2_Init      main.o
    0x08001b2c   0x08001b2c   0x00000108   Code   RO         1115    i.MX_ADC3_Init      main.o
    0x08001c34   0x08001c34   0x0000007c   Code   RO         1116    i.MX_COMP1_Init     main.o
    0x08001cb0   0x08001cb0   0x0000008c   Code   RO         1117    i.MX_COMP2_Init     main.o
    0x08001d3c   0x08001d3c   0x00000054   Code   RO         1118    i.MX_CRC_Init       main.o
    0x08001d90   0x08001d90   0x0000007c   Code   RO         1119    i.MX_DAC_Init       main.o
    0x08001e0c   0x08001e0c   0x000001f0   Code   RO         1120    i.MX_GPIO_Init      main.o
    0x08001ffc   0x08001ffc   0x00000180   Code   RO         1121    i.MX_TIM3_Init      main.o
    0x0800217c   0x0800217c   0x000000b4   Code   RO         1122    i.MX_TIM4_Init      main.o
    0x08002230   0x08002230   0x00000004   Code   RO         1474    i.MemManage_Handler  stm32f3xx_it.o
    0x08002234   0x08002234   0x00000004   Code   RO         1475    i.NMI_Handler       stm32f3xx_it.o
    0x08002238   0x08002238   0x00000002   Code   RO         1476    i.PendSV_Handler    stm32f3xx_it.o
    0x0800223a   0x0800223a   0x00000002   PAD
    0x0800223c   0x0800223c   0x0000013c   Code   RO          823    i.QuickChargeDetection  usbqc.o
    0x08002378   0x08002378   0x00000030   Code   RO          824    i.ReleaseUsbData    usbqc.o
    0x080023a8   0x080023a8   0x0000001c   Code   RO          825    i.ResetQuickChargeFlag  usbqc.o
    0x080023c4   0x080023c4   0x00000010   Code   RO          881    i.RestartTimer1     timer.o
    0x080023d4   0x080023d4   0x00000002   Code   RO         1477    i.SVC_Handler       stm32f3xx_it.o
    0x080023d6   0x080023d6   0x00000002   PAD
    0x080023d8   0x080023d8   0x00000024   Code   RO          883    i.StartTimer1       timer.o
    0x080023fc   0x080023fc   0x00000024   Code   RO          884    i.StartTimer2       timer.o
    0x08002420   0x08002420   0x00000014   Code   RO          885    i.StopAllTimers     timer.o
    0x08002434   0x08002434   0x0000000c   Code   RO          886    i.StopTimer1        timer.o
    0x08002440   0x08002440   0x0000000c   Code   RO         1478    i.SysTick_Handler   stm32f3xx_it.o
    0x0800244c   0x0800244c   0x00000114   Code   RO         1123    i.SystemClock_Config  main.o
    0x08002560   0x08002560   0x00000014   Code   RO         1597    i.SystemInit        system_stm32f3xx.o
    0x08002574   0x08002574   0x00000018   Code   RO         1479    i.TIM4_IRQHandler   stm32f3xx_it.o
    0x0800258c   0x0800258c   0x000000b0   Code   RO         3777    i.TIM_Base_SetConfig  stm32f3xx_hal_tim.o
    0x0800263c   0x0800263c   0x00000016   Code   RO         3788    i.TIM_ETR_SetConfig  stm32f3xx_hal_tim.o
    0x08002652   0x08002652   0x00000010   Code   RO         3789    i.TIM_ITRx_SetConfig  stm32f3xx_hal_tim.o
    0x08002662   0x08002662   0x00000026   Code   RO         3797    i.TIM_TI1_ConfigInputStage  stm32f3xx_hal_tim.o
    0x08002688   0x08002688   0x0000007a   Code   RO         3798    i.TIM_TI1_SetConfig  stm32f3xx_hal_tim.o
    0x08002702   0x08002702   0x00000024   Code   RO         3799    i.TIM_TI2_ConfigInputStage  stm32f3xx_hal_tim.o
    0x08002726   0x08002726   0x00000040   Code   RO         3800    i.TIM_TI2_SetConfig  stm32f3xx_hal_tim.o
    0x08002766   0x08002766   0x0000003c   Code   RO         3801    i.TIM_TI3_SetConfig  stm32f3xx_hal_tim.o
    0x080027a2   0x080027a2   0x00000040   Code   RO         3802    i.TIM_TI4_SetConfig  stm32f3xx_hal_tim.o
    0x080027e2   0x080027e2   0x00000002   PAD
    0x080027e4   0x080027e4   0x0000008c   Code   RO          782    i.USBPD_DPM_SNK_EvaluateMatchWithSRCFixedPDO  usbpd_dpm_user.o
    0x08002870   0x08002870   0x00000020   Code   RO          516    i.USBPD_DisableDecoder  usbpd_phy_decode.o
    0x08002890   0x08002890   0x00000020   Code   RO          517    i.USBPD_EnableDecoder  usbpd_phy_decode.o
    0x080028b0   0x080028b0   0x0000006c   Code   RO          648    i.USBPD_GetMessage  usbpd_msgrcv.o
    0x0800291c   0x0800291c   0x00000060   Code   RO          649    i.USBPD_GetReceivedMsgType  usbpd_msgrcv.o
    0x0800297c   0x0800297c   0x00000020   Code   RO          748    i.USBPD_IncreaseTransMsgID  usbpd_prl.o
    0x0800299c   0x0800299c   0x00000064   Code   RO          445    i.USBPD_PHY_4B5BEncode  usbpd_phy_4b5b.o
    0x08002a00   0x08002a00   0x0000006e   Code   RO          446    i.USBPD_PHY_5B4BDecode  usbpd_phy_4b5b.o
    0x08002a6e   0x08002a6e   0x00000002   PAD
    0x08002a70   0x08002a70   0x00000078   Code   RO          518    i.USBPD_PHY_BitRecognize  usbpd_phy_decode.o
    0x08002ae8   0x08002ae8   0x00000024   Code   RO          479    i.USBPD_PHY_CRC32Check  usbpd_phy_crc32.o
    0x08002b0c   0x08002b0c   0x00000024   Code   RO          480    i.USBPD_PHY_CRC32Generate  usbpd_phy_crc32.o
    0x08002b30   0x08002b30   0x00000020   Code   RO          447    i.USBPD_PHY_Cov5BCodeTo5BValue  usbpd_phy_4b5b.o
    0x08002b50   0x08002b50   0x00000020   Code   RO          448    i.USBPD_PHY_Cov5BValueTo5BCode  usbpd_phy_4b5b.o
    0x08002b70   0x08002b70   0x00000154   Code   RO          519    i.USBPD_PHY_DecodeMessage  usbpd_phy_decode.o
    0x08002cc4   0x08002cc4   0x00000062   Code   RO          520    i.USBPD_PHY_DecodeMsgByte  usbpd_phy_decode.o
    0x08002d26   0x08002d26   0x00000018   Code   RO          521    i.USBPD_PHY_EOPDetect  usbpd_phy_decode.o
    0x08002d3e   0x08002d3e   0x00000002   PAD
    0x08002d40   0x08002d40   0x00000174   Code   RO          603    i.USBPD_PHY_EncodeMessage  usbpd_phy_encode.o
    0x08002eb4   0x08002eb4   0x0000003e   Code   RO          522    i.USBPD_PHY_GapClassify  usbpd_phy_decode.o
    0x08002ef2   0x08002ef2   0x00000002   PAD
    0x08002ef4   0x08002ef4   0x00000058   Code   RO          523    i.USBPD_PHY_PreambleDetect  usbpd_phy_decode.o
    0x08002f4c   0x08002f4c   0x00000024   Code   RO          524    i.USBPD_PHY_Reset   usbpd_phy_decode.o
    0x08002f70   0x08002f70   0x0000008c   Code   RO          525    i.USBPD_PHY_SOPDetect  usbpd_phy_decode.o
    0x08002ffc   0x08002ffc   0x00000064   Code   RO          604    i.USBPD_PHY_SendBit  usbpd_phy_encode.o
    0x08003060   0x08003060   0x000000ca   Code   RO          605    i.USBPD_PHY_SetMessage  usbpd_phy_encode.o
    0x0800312a   0x0800312a   0x00000002   PAD
    0x0800312c   0x0800312c   0x00000030   Code   RO          749    i.USBPD_ProtocolLayerReset  usbpd_prl.o
    0x0800315c   0x0800315c   0x00000058   Code   RO          686    i.USBPD_Send_ControlMessage  usbpd_msgtrans.o
    0x080031b4   0x080031b4   0x00000038   Code   RO          687    i.USBPD_Send_HardReset  usbpd_msgtrans.o
    0x080031ec   0x080031ec   0x0000004c   Code   RO          688    i.USBPD_Send_Request  usbpd_msgtrans.o
    0x08003238   0x08003238   0x00000050   Code   RO          689    i.USBPD_Send_SinkCap  usbpd_msgtrans.o
    0x08003288   0x08003288   0x00000022   Code   RO          690    i.USBPD_SetMessage_Control  usbpd_msgtrans.o
    0x080032aa   0x080032aa   0x00000046   Code   RO          691    i.USBPD_SetMessage_Data  usbpd_msgtrans.o
    0x080032f0   0x080032f0   0x00000006   Code   RO          692    i.USBPD_SetMessage_HardReset  usbpd_msgtrans.o
    0x080032f6   0x080032f6   0x0000001e   Code   RO           13    i.USBPD_StateDiscovery_Action  usbpd_sm.o
    0x08003314   0x08003314   0x00000002   Code   RO           14    i.USBPD_StateDiscovery_Entry  usbpd_sm.o
    0x08003316   0x08003316   0x00000002   Code   RO           15    i.USBPD_StateDiscovery_Exit  usbpd_sm.o
    0x08003318   0x08003318   0x000000b8   Code   RO           16    i.USBPD_StateGetSrcCap_Aciton  usbpd_sm.o
    0x080033d0   0x080033d0   0x00000014   Code   RO           17    i.USBPD_StateGetSrcCap_Entry  usbpd_sm.o
    0x080033e4   0x080033e4   0x00000008   Code   RO           18    i.USBPD_StateGetSrcCap_Exit  usbpd_sm.o
    0x080033ec   0x080033ec   0x000000bc   Code   RO           19    i.USBPD_StateGiveSinkCap_Aciton  usbpd_sm.o
    0x080034a8   0x080034a8   0x0000001c   Code   RO           20    i.USBPD_StateGiveSinkCap_Entry  usbpd_sm.o
    0x080034c4   0x080034c4   0x00000008   Code   RO           21    i.USBPD_StateGiveSinkCap_Exit  usbpd_sm.o
    0x080034cc   0x080034cc   0x000000b4   Code   RO           22    i.USBPD_StateHardReset_Aciton  usbpd_sm.o
    0x08003580   0x08003580   0x00000034   Code   RO           23    i.USBPD_StateHardReset_Entry  usbpd_sm.o
    0x080035b4   0x080035b4   0x00000008   Code   RO           24    i.USBPD_StateHardReset_Exit  usbpd_sm.o
    0x080035bc   0x080035bc   0x000000b4   Code   RO           25    i.USBPD_StateNotSupported_Aciton  usbpd_sm.o
    0x08003670   0x08003670   0x00000014   Code   RO           26    i.USBPD_StateNotSupported_Entry  usbpd_sm.o
    0x08003684   0x08003684   0x00000002   Code   RO           27    i.USBPD_StateNotSupported_Exit  usbpd_sm.o
    0x08003686   0x08003686   0x00000002   PAD
    0x08003688   0x08003688   0x000000bc   Code   RO           28    i.USBPD_StateReady_Aciton  usbpd_sm.o
    0x08003744   0x08003744   0x00000018   Code   RO           29    i.USBPD_StateReady_Entry  usbpd_sm.o
    0x0800375c   0x0800375c   0x00000008   Code   RO           30    i.USBPD_StateReady_Exit  usbpd_sm.o
    0x08003764   0x08003764   0x00000158   Code   RO           31    i.USBPD_StateSelectCap_Aciton  usbpd_sm.o
    0x080038bc   0x080038bc   0x0000003c   Code   RO           32    i.USBPD_StateSelectCap_Entry  usbpd_sm.o
    0x080038f8   0x080038f8   0x00000008   Code   RO           33    i.USBPD_StateSelectCap_Exit  usbpd_sm.o
    0x08003900   0x08003900   0x000000b4   Code   RO           34    i.USBPD_StateSoftReset_Aciton  usbpd_sm.o
    0x080039b4   0x080039b4   0x0000002c   Code   RO           35    i.USBPD_StateSoftReset_Entry  usbpd_sm.o
    0x080039e0   0x080039e0   0x00000008   Code   RO           36    i.USBPD_StateSoftReset_Exit  usbpd_sm.o
    0x080039e8   0x080039e8   0x0000001a   Code   RO           37    i.USBPD_StateStartup_Aciton  usbpd_sm.o
    0x08003a02   0x08003a02   0x00000002   PAD
    0x08003a04   0x08003a04   0x0000000c   Code   RO           38    i.USBPD_StateStartup_Entry  usbpd_sm.o
    0x08003a10   0x08003a10   0x00000008   Code   RO           39    i.USBPD_StateStartup_Exit  usbpd_sm.o
    0x08003a18   0x08003a18   0x0000000a   Code   RO           40    i.USBPD_StateTransDefault_Aciton  usbpd_sm.o
    0x08003a22   0x08003a22   0x00000002   Code   RO           41    i.USBPD_StateTransDefault_Entry  usbpd_sm.o
    0x08003a24   0x08003a24   0x00000002   Code   RO           42    i.USBPD_StateTransDefault_Exit  usbpd_sm.o
    0x08003a26   0x08003a26   0x00000002   PAD
    0x08003a28   0x08003a28   0x0000008c   Code   RO           43    i.USBPD_StateTransSink_Aciton  usbpd_sm.o
    0x08003ab4   0x08003ab4   0x00000010   Code   RO           44    i.USBPD_StateTransSink_Entry  usbpd_sm.o
    0x08003ac4   0x08003ac4   0x00000008   Code   RO           45    i.USBPD_StateTransSink_Exit  usbpd_sm.o
    0x08003acc   0x08003acc   0x0000008c   Code   RO           46    i.USBPD_StateWaitCap_Aciton  usbpd_sm.o
    0x08003b58   0x08003b58   0x00000010   Code   RO           47    i.USBPD_StateWaitCap_Entry  usbpd_sm.o
    0x08003b68   0x08003b68   0x00000008   Code   RO           48    i.USBPD_StateWaitCap_Exit  usbpd_sm.o
    0x08003b70   0x08003b70   0x00000004   Code   RO         1480    i.UsageFault_Handler  stm32f3xx_it.o
    0x08003b74   0x08003b74   0x0000000e   Code   RO         4872    i.__scatterload_copy  mc_w.l(handlers.o)
    0x08003b82   0x08003b82   0x00000002   Code   RO         4873    i.__scatterload_null  mc_w.l(handlers.o)
    0x08003b84   0x08003b84   0x0000000e   Code   RO         4874    i.__scatterload_zeroinit  mc_w.l(handlers.o)
    0x08003b92   0x08003b92   0x00000002   PAD
    0x08003b94   0x08003b94   0x0000011c   Code   RO         1125    i.main              main.o
    0x08003cb0   0x08003cb0   0x00000034   Data   RO         1127    .constdata          main.o
    0x08003ce4   0x08003ce4   0x00000020   Data   RO         4870    Region$$Table       anon$$obj.o


    Execution Region RW_IRAM2 (Exec base: 0x10000000, Load base: 0x08003e4c, Size: 0x00000000, Max: 0x00002000, ABSOLUTE)

    **** No section assigned to this execution region ****


    Execution Region RW_IRAM1 (Exec base: 0x20000000, Load base: 0x08003d04, Size: 0x00001540, Max: 0x0000c000, ABSOLUTE, COMPRESSED[0x00000148])

    Exec Addr    Load Addr    Size         Type   Attr      Idx    E Section Name        Object

    0x20000000   COMPRESSED   0x00000010   Data   RW           50    .data               usbpd_sm.o
    0x20000010   COMPRESSED   0x00000015   Data   RW          528    .data               usbpd_phy_decode.o
    0x20000025   COMPRESSED   0x00000003   PAD
    0x20000028   COMPRESSED   0x00000018   Data   RW          784    .data               usbpd_dpm_user.o
    0x20000040   COMPRESSED   0x00000004   Data   RW          828    .data               usbqc.o
    0x20000044   COMPRESSED   0x00000015   Data   RW          888    .data               timer.o
    0x20000059   COMPRESSED   0x00000001   PAD
    0x2000005a   COMPRESSED   0x00000004   Data   RW          968    .data               measure.o
    0x2000005e   COMPRESSED   0x00000002   PAD
    0x20000060   COMPRESSED   0x000001c0   Data   RW         1128    .data               main.o
    0x20000220   COMPRESSED   0x00000004   Data   RW         1599    .data               system_stm32f3xx.o
    0x20000224   COMPRESSED   0x0000000c   Data   RW         2047    .data               stm32f3xx_hal.o
    0x20000230        -       0x00000bda   Zero   RW          526    .bss                usbpd_phy_decode.o
    0x20000e0a   COMPRESSED   0x00000002   PAD
    0x20000e0c        -       0x00000330   Zero   RW         1126    .bss                main.o
    0x2000113c   COMPRESSED   0x00000004   PAD
    0x20001140        -       0x00000400   Zero   RW            1    STACK               startup_stm32f303xc.o


==============================================================================

Image component sizes


      Code (inc. data)   RO Data    RW Data    ZI Data      Debug   Object Name

      3590        274         52        448        816     746275   main.o
       672         84          0          4          0      67448   measure.o
        36          8        392          0       1024        884   startup_stm32f303xc.o
       172         30          0         12          0      13813   stm32f3xx_hal.o
       208         16          0          0          0      33899   stm32f3xx_hal_cortex.o
       524         16          0          0          0       1732   stm32f3xx_hal_gpio.o
       204         16          0          0          0       1737   stm32f3xx_hal_msp.o
      1230         28          0          0          0      12387   stm32f3xx_hal_tim.o
       148         10          0          0          0       1540   stm32f3xx_hal_tim_ex.o
        62          4          0          0          0      36312   stm32f3xx_it.o
       288         22          0          0          0      71476   stm32f3xx_ll_adc.o
        84          4          0          0          0      17191   stm32f3xx_ll_comp.o
       126          0          0          0          0      12854   stm32f3xx_ll_dac.o
       424         16          0          0          0       8015   stm32f3xx_ll_exti.o
       376          0          0          0          0       7383   stm32f3xx_ll_gpio.o
       180         30          0          0          0      38602   stm32f3xx_ll_tim.o
        12          6          0          0          0        632   stm32f3xx_ll_utils.o
        20          6          0          4          0       1271   system_stm32f3xx.o
       216         68          0         21          0       4241   timer.o
       556         32          0         24          0       4143   usbpd_dpm_user.o
       204          0          0          0          0       1878   usbpd_msgrcv.o
       410         84          0          0          0       5049   usbpd_msgtrans.o
       274         38          0          0          0       3072   usbpd_phy_4b5b.o
       232         16          0          0          0       2669   usbpd_phy_crc32.o
      1240         98          0         21       3034      44111   usbpd_phy_decode.o
       694         12          0          0          0       8117   usbpd_phy_encode.o
        80         24          0          0          0       1110   usbpd_prl.o
      2164        280          0         16          0     608928   usbpd_sm.o
       440         36          0          4          0       7886   usbqc.o

    ----------------------------------------------------------------------
     14894       1258        476        560       4880    1764655   Object Totals
         0          0         32          0          0          0   (incl. Generated)
        28          0          0          6          6          0   (incl. Padding)

    ----------------------------------------------------------------------

      Code (inc. data)   RO Data    RW Data    ZI Data      Debug   Library Member Name

        86          0          0          0          0          0   __dczerorl2.o
         0          0          0          0          0          0   entry.o
         0          0          0          0          0          0   entry10a.o
         0          0          0          0          0          0   entry11a.o
         4          0          0          0          0          0   entry12b.o
         8          4          0          0          0          0   entry2.o
         4          0          0          0          0          0   entry5.o
         0          0          0          0          0          0   entry7b.o
         0          0          0          0          0          0   entry8b.o
         8          4          0          0          0          0   entry9a.o
        30          0          0          0          0          0   handlers.o
        36          8          0          0          0         68   init.o
        36          0          0          0          0         68   memcpya.o
        36          0          0          0          0        108   memseta.o

    ----------------------------------------------------------------------
       250         16          0          0          0        244   Library Totals
         2          0          0          0          0          0   (incl. Padding)

    ----------------------------------------------------------------------

      Code (inc. data)   RO Data    RW Data    ZI Data      Debug   Library Name

       248         16          0          0          0        244   mc_w.l

    ----------------------------------------------------------------------
       250         16          0          0          0        244   Library Totals

    ----------------------------------------------------------------------

==============================================================================


      Code (inc. data)   RO Data    RW Data    ZI Data      Debug   

     15144       1274        476        560       4880    1747731   Grand Totals
     15144       1274        476        328       4880    1747731   ELF Image Totals (compressed)
     15144       1274        476        328          0          0   ROM Totals

==============================================================================

    Total RO  Size (Code + RO Data)                15620 (  15.25kB)
    Total RW  Size (RW Data + ZI Data)              5440 (   5.31kB)
    Total ROM Size (Code + RO Data + RW Data)      15948 (  15.57kB)

==============================================================================

